../Core/Src/main.c:168:6:clearImage	16	static
../Core/Src/main.c:178:6:convertToImage	32	static
../Core/Src/main.c:201:6:convertToScreen	32	static
../Core/Src/main.c:227:6:drawScreen	16	static
../Core/Src/main.c:240:6:controls	16	static
../Core/Src/main.c:276:5:checkCollisions	48	static
../Core/Src/main.c:308:5:randomINT	16	static
../Core/Src/main.c:314:6:animateActors	72	static
../Core/Src/main.c:364:5:main	232	dynamic
../Core/Src/main.c:523:6:SystemClock_Config	96	static
../Core/Src/main.c:573:13:MX_SPI1_Init	8	static
../Core/Src/main.c:613:13:MX_GPIO_Init	48	static
../Core/Src/main.c:680:6:SPI_write	16	static
../Core/Src/main.c:690:6:GLCD_data_write	16	static
../Core/Src/main.c:698:6:GLCD_command_write	16	static
../Core/Src/main.c:706:6:GLCD_init	8	static
../Core/Src/main.c:722:6:GLCD_setCursor	16	static
../Core/Src/main.c:728:6:GLCD_clear	16	static
../Core/Src/main.c:738:6:GLCD_putchar	24	static
../Core/Src/main.c:748:15:keypad_decode	16	static
../Core/Src/main.c:796:6:HAL_GPIO_EXTI_Callback	24	static
../Core/Src/main.c:858:6:Error_Handler	4	static,ignoring_inline_asm
