../Inc/myDrivers.h:37:6:GPIOA_enable_clock	4	static
../Inc/myDrivers.h:38:6:GPIOB_enable_clock	4	static
../Inc/myDrivers.h:39:6:GPIOC_enable_clock	4	static
../Inc/myDrivers.h:44:6:GPIO_configure_input_mode	24	static
../Inc/myDrivers.h:56:6:GPIO_configure_output_mode	24	static
../Inc/myDrivers.h:70:6:GPIO_enable_pull_up_resistor	24	static
../Inc/myDrivers.h:84:6:GPIO_enable_pull_down_resistor	24	static
../Inc/myDrivers.h:98:6:GPIO_disable_pull_resistor	24	static
../Inc/myDrivers.h:115:14:GPIO_read_pin	24	static
../Inc/myDrivers.h:123:6:GPIO_write_pin	32	static
../Inc/interrupts.h:67:6:SysConfig_enable_clock	4	static
../Inc/interrupts.h:74:6:GPIO_toggle_pin	16	static
../Src/main.c:26:5:main	16	static
../Src/main.c:55:6:EXTI15_10_IRQHandler	8	static
