../Core/Src/main.c:76:5:main	8	static
../Core/Src/main.c:132:6:SystemClock_Config	96	static
../Core/Src/main.c:181:6:PeriphCommonClock_Config	144	static
../Core/Src/main.c:207:13:MX_ADC1_Init	48	static
../Core/Src/main.c:274:13:MX_ADC2_Init	32	static
../Core/Src/main.c:332:13:MX_ADC3_Init	32	static
../Core/Src/main.c:390:13:MX_TIM3_Init	64	static
../Core/Src/main.c:457:13:MX_TIM16_Init	8	static
../Core/Src/main.c:489:13:MX_GPIO_Init	48	static
../Core/Src/main.c:528:6:HAL_TIM_PeriodElapsedCallback	64	static
../Core/Src/main.c:593:6:Error_Handler	4	static,ignoring_inline_asm
