../Core/Src/main.c:113:5:main	80	static
../Core/Src/main.c:171:6:SystemClock_Config	96	static
../Core/Src/main.c:221:13:MX_SPI1_Init	8	static
../Core/Src/main.c:261:13:MX_GPIO_Init	48	static
../Core/Src/main.c:298:6:SPI_write	16	static
../Core/Src/main.c:308:6:GLCD_data_write	16	static
../Core/Src/main.c:316:6:GLCD_command_write	16	static
../Core/Src/main.c:324:6:GLCD_init	8	static
../Core/Src/main.c:340:6:GLCD_setCursor	16	static
../Core/Src/main.c:346:6:GLCD_clear	16	static
../Core/Src/main.c:356:6:GLCD_putchar	24	static
../Core/Src/main.c:370:6:Error_Handler	4	static,ignoring_inline_asm
