22:20:09 **** Incremental Build of configuration Debug for project class-10-24-23 ****
make -j20 all 
arm-none-eabi-gcc "../Src/main.c" -mcpu=cortex-m4 -std=gnu11 -g3 -DDEBUG -DSTM32L4 -DSTM32 -DNUCLEO_L476RG -DSTM32L476RGTx -c -I../Inc -O0 -ffunction-sections -fdata-sections -Wall -fstack-usage -fcyclomatic-complexity -MMD -MP -MF"Src/main.d" -MT"Src/main.o" --specs=nano.specs -mfpu=fpv4-sp-d16 -mfloat-abi=hard -mthumb -o "Src/main.o"
arm-none-eabi-gcc -o "class-10-24-23.elf" @"objects.list"   -mcpu=cortex-m4 -T"C:\GitHub\ECEN 260 Microprocessor Based-Sys Design\class-10-24-23\STM32L476RGTX_FLASH.ld" --specs=nosys.specs -Wl,-Map="class-10-24-23.map" -Wl,--gc-sections -static --specs=nano.specs -mfpu=fpv4-sp-d16 -mfloat-abi=hard -mthumb -Wl,--start-group -lc -lm -Wl,--end-group
Finished building target: class-10-24-23.elf
 
arm-none-eabi-size   class-10-24-23.elf 
arm-none-eabi-objdump -h -S  class-10-24-23.elf  > "class-10-24-23.list"
   text	   data	    bss	    dec	    hex	filename
   1016	     32	   1568	   2616	    a38	class-10-24-23.elf
Finished building: default.size.stdout
 
Finished building: class-10-24-23.list
 

22:20:10 Build Finished. 0 errors, 0 warnings. (took 349ms)

