22:41:52 **** Incremental Build of configuration Debug for project lab-04 ****
make -j20 all 
arm-none-eabi-gcc -mcpu=cortex-m4 -g3 -DDEBUG -c -x assembler-with-cpp -MMD -MP -MF"Src/main.d" -MT"Src/main.o" --specs=nano.specs -mfpu=fpv4-sp-d16 -mfloat-abi=hard -mthumb -o "Src/main.o" "../Src/main.s"
arm-none-eabi-gcc -o "lab-04.elf" @"objects.list"   -mcpu=cortex-m4 -T"C:\GitHub\ECEN 260 Microprocessor Based-Sys Design\lab-04\STM32L476RGTX_FLASH.ld" --specs=nosys.specs -Wl,-Map="lab-04.map" -Wl,--gc-sections -static --specs=nano.specs -mfpu=fpv4-sp-d16 -mfloat-abi=hard -mthumb -Wl,--start-group -lc -lm -Wl,--end-group
Finished building target: lab-04.elf
 
arm-none-eabi-size   lab-04.elf 
arm-none-eabi-objdump -h -S  lab-04.elf  > "lab-04.list"
   text	   data	    bss	    dec	    hex	filename
    804	      8	   1568	   2380	    94c	lab-04.elf
Finished building: default.size.stdout
 
Finished building: lab-04.list
 
22:41:57 **** Incremental Build of configuration Debug for project lab-04 ****
make -j20 all 
arm-none-eabi-size   lab-04.elf 
   text	   data	    bss	    dec	    hex	filename
    804	      8	   1568	   2380	    94c	lab-04.elf
Finished building: default.size.stdout
 
23:22:49 **** Incremental Build of configuration Debug for project lab-04 ****
make -j20 all 
arm-none-eabi-gcc -mcpu=cortex-m4 -g3 -DDEBUG -c -x assembler-with-cpp -MMD -MP -MF"Src/main.d" -MT"Src/main.o" --specs=nano.specs -mfpu=fpv4-sp-d16 -mfloat-abi=hard -mthumb -o "Src/main.o" "../Src/main.s"
arm-none-eabi-gcc -o "lab-04.elf" @"objects.list"   -mcpu=cortex-m4 -T"C:\GitHub\ECEN 260 Microprocessor Based-Sys Design\lab-04\STM32L476RGTX_FLASH.ld" --specs=nosys.specs -Wl,-Map="lab-04.map" -Wl,--gc-sections -static --specs=nano.specs -mfpu=fpv4-sp-d16 -mfloat-abi=hard -mthumb -Wl,--start-group -lc -lm -Wl,--end-group
Finished building target: lab-04.elf
 
arm-none-eabi-size   lab-04.elf 
arm-none-eabi-objdump -h -S  lab-04.elf  > "lab-04.list"
   text	   data	    bss	    dec	    hex	filename
    880	      8	   1568	   2456	    998	lab-04.elf
Finished building: default.size.stdout
 
Finished building: lab-04.list
 
23:24:52 **** Incremental Build of configuration Debug for project lab-04 ****
make -j20 all 
arm-none-eabi-gcc -mcpu=cortex-m4 -g3 -DDEBUG -c -x assembler-with-cpp -MMD -MP -MF"Src/main.d" -MT"Src/main.o" --specs=nano.specs -mfpu=fpv4-sp-d16 -mfloat-abi=hard -mthumb -o "Src/main.o" "../Src/main.s"
arm-none-eabi-gcc -o "lab-04.elf" @"objects.list"   -mcpu=cortex-m4 -T"C:\GitHub\ECEN 260 Microprocessor Based-Sys Design\lab-04\STM32L476RGTX_FLASH.ld" --specs=nosys.specs -Wl,-Map="lab-04.map" -Wl,--gc-sections -static --specs=nano.specs -mfpu=fpv4-sp-d16 -mfloat-abi=hard -mthumb -Wl,--start-group -lc -lm -Wl,--end-group
Finished building target: lab-04.elf
 
arm-none-eabi-size   lab-04.elf 
arm-none-eabi-objdump -h -S  lab-04.elf  > "lab-04.list"
   text	   data	    bss	    dec	    hex	filename
    876	      8	   1568	   2452	    994	lab-04.elf
Finished building: default.size.stdout
 
Finished building: lab-04.list
 
23:30:55 **** Incremental Build of configuration Debug for project lab-04 ****
make -j20 all 
arm-none-eabi-gcc -mcpu=cortex-m4 -g3 -DDEBUG -c -x assembler-with-cpp -MMD -MP -MF"Src/main.d" -MT"Src/main.o" --specs=nano.specs -mfpu=fpv4-sp-d16 -mfloat-abi=hard -mthumb -o "Src/main.o" "../Src/main.s"
arm-none-eabi-gcc -o "lab-04.elf" @"objects.list"   -mcpu=cortex-m4 -T"C:\GitHub\ECEN 260 Microprocessor Based-Sys Design\lab-04\STM32L476RGTX_FLASH.ld" --specs=nosys.specs -Wl,-Map="lab-04.map" -Wl,--gc-sections -static --specs=nano.specs -mfpu=fpv4-sp-d16 -mfloat-abi=hard -mthumb -Wl,--start-group -lc -lm -Wl,--end-group
Finished building target: lab-04.elf
 
arm-none-eabi-size   lab-04.elf 
arm-none-eabi-objdump -h -S  lab-04.elf  > "lab-04.list"
   text	   data	    bss	    dec	    hex	filename
    876	      8	   1568	   2452	    994	lab-04.elf
Finished building: default.size.stdout
 
Finished building: lab-04.list
 
23:36:31 **** Incremental Build of configuration Debug for project lab-04 ****
make -j20 all 
arm-none-eabi-gcc -mcpu=cortex-m4 -g3 -DDEBUG -c -x assembler-with-cpp -MMD -MP -MF"Src/main.d" -MT"Src/main.o" --specs=nano.specs -mfpu=fpv4-sp-d16 -mfloat-abi=hard -mthumb -o "Src/main.o" "../Src/main.s"
arm-none-eabi-gcc -o "lab-04.elf" @"objects.list"   -mcpu=cortex-m4 -T"C:\GitHub\ECEN 260 Microprocessor Based-Sys Design\lab-04\STM32L476RGTX_FLASH.ld" --specs=nosys.specs -Wl,-Map="lab-04.map" -Wl,--gc-sections -static --specs=nano.specs -mfpu=fpv4-sp-d16 -mfloat-abi=hard -mthumb -Wl,--start-group -lc -lm -Wl,--end-group
Finished building target: lab-04.elf
 
arm-none-eabi-size   lab-04.elf 
arm-none-eabi-objdump -h -S  lab-04.elf  > "lab-04.list"
   text	   data	    bss	    dec	    hex	filename
    888	      8	   1568	   2464	    9a0	lab-04.elf
Finished building: default.size.stdout
 
Finished building: lab-04.list
 
23:43:51 **** Incremental Build of configuration Debug for project lab-04 ****
make -j20 all 
arm-none-eabi-gcc -mcpu=cortex-m4 -g3 -DDEBUG -c -x assembler-with-cpp -MMD -MP -MF"Src/main.d" -MT"Src/main.o" --specs=nano.specs -mfpu=fpv4-sp-d16 -mfloat-abi=hard -mthumb -o "Src/main.o" "../Src/main.s"
arm-none-eabi-gcc -o "lab-04.elf" @"objects.list"   -mcpu=cortex-m4 -T"C:\GitHub\ECEN 260 Microprocessor Based-Sys Design\lab-04\STM32L476RGTX_FLASH.ld" --specs=nosys.specs -Wl,-Map="lab-04.map" -Wl,--gc-sections -static --specs=nano.specs -mfpu=fpv4-sp-d16 -mfloat-abi=hard -mthumb -Wl,--start-group -lc -lm -Wl,--end-group
Finished building target: lab-04.elf
 
arm-none-eabi-size   lab-04.elf 
arm-none-eabi-objdump -h -S  lab-04.elf  > "lab-04.list"
   text	   data	    bss	    dec	    hex	filename
    888	      8	   1568	   2464	    9a0	lab-04.elf
Finished building: default.size.stdout
 
Finished building: lab-04.list
 
23:50:14 **** Incremental Build of configuration Debug for project lab-04 ****
make -j20 all 
arm-none-eabi-gcc -mcpu=cortex-m4 -g3 -DDEBUG -c -x assembler-with-cpp -MMD -MP -MF"Src/main.d" -MT"Src/main.o" --specs=nano.specs -mfpu=fpv4-sp-d16 -mfloat-abi=hard -mthumb -o "Src/main.o" "../Src/main.s"
../Src/main.s: Assembler messages:
../Src/main.s:82: Error: thumb conditional instruction should be in IT block -- `bleq twoButtons'
../Src/main.s:94: Error: thumb conditional instruction should be in IT block -- `blne noButton'
make: *** [Src/subdir.mk:29: Src/main.o] Error 1
"make -j20 all" terminated with exit code 2. Build might be incomplete.
23:50:58 **** Incremental Build of configuration Debug for project lab-04 ****
make -j20 all 
arm-none-eabi-gcc -mcpu=cortex-m4 -g3 -DDEBUG -c -x assembler-with-cpp -MMD -MP -MF"Src/main.d" -MT"Src/main.o" --specs=nano.specs -mfpu=fpv4-sp-d16 -mfloat-abi=hard -mthumb -o "Src/main.o" "../Src/main.s"
../Src/main.s: Assembler messages:
../Src/main.s:82: Error: bad instruction `bl{EQ} twoButtons'
../Src/main.s:94: Error: bad instruction `bl{NE} noButton'
make: *** [Src/subdir.mk:29: Src/main.o] Error 1
"make -j20 all" terminated with exit code 2. Build might be incomplete.
23:56:13 **** Incremental Build of configuration Debug for project lab-04 ****
make -j20 all 
arm-none-eabi-gcc -mcpu=cortex-m4 -g3 -DDEBUG -c -x assembler-with-cpp -MMD -MP -MF"Src/main.d" -MT"Src/main.o" --specs=nano.specs -mfpu=fpv4-sp-d16 -mfloat-abi=hard -mthumb -o "Src/main.o" "../Src/main.s"
arm-none-eabi-gcc -o "lab-04.elf" @"objects.list"   -mcpu=cortex-m4 -T"C:\GitHub\ECEN 260 Microprocessor Based-Sys Design\lab-04\STM32L476RGTX_FLASH.ld" --specs=nosys.specs -Wl,-Map="lab-04.map" -Wl,--gc-sections -static --specs=nano.specs -mfpu=fpv4-sp-d16 -mfloat-abi=hard -mthumb -Wl,--start-group -lc -lm -Wl,--end-group
Finished building target: lab-04.elf
 
arm-none-eabi-size   lab-04.elf 
arm-none-eabi-objdump -h -S  lab-04.elf  > "lab-04.list"
   text	   data	    bss	    dec	    hex	filename
    888	      8	   1568	   2464	    9a0	lab-04.elf
Finished building: default.size.stdout
 
Finished building: lab-04.list
 
00:01:27 **** Incremental Build of configuration Debug for project lab-04 ****
make -j20 all 
arm-none-eabi-gcc -mcpu=cortex-m4 -g3 -DDEBUG -c -x assembler-with-cpp -MMD -MP -MF"Src/main.d" -MT"Src/main.o" --specs=nano.specs -mfpu=fpv4-sp-d16 -mfloat-abi=hard -mthumb -o "Src/main.o" "../Src/main.s"
arm-none-eabi-gcc -o "lab-04.elf" @"objects.list"   -mcpu=cortex-m4 -T"C:\GitHub\ECEN 260 Microprocessor Based-Sys Design\lab-04\STM32L476RGTX_FLASH.ld" --specs=nosys.specs -Wl,-Map="lab-04.map" -Wl,--gc-sections -static --specs=nano.specs -mfpu=fpv4-sp-d16 -mfloat-abi=hard -mthumb -Wl,--start-group -lc -lm -Wl,--end-group
Finished building target: lab-04.elf
 
arm-none-eabi-size   lab-04.elf 
arm-none-eabi-objdump -h -S  lab-04.elf  > "lab-04.list"
   text	   data	    bss	    dec	    hex	filename
    900	      8	   1568	   2476	    9ac	lab-04.elf
Finished building: default.size.stdout
 
Finished building: lab-04.list
 
00:08:46 **** Incremental Build of configuration Debug for project lab-04 ****
make -j20 all 
arm-none-eabi-gcc -mcpu=cortex-m4 -g3 -DDEBUG -c -x assembler-with-cpp -MMD -MP -MF"Src/main.d" -MT"Src/main.o" --specs=nano.specs -mfpu=fpv4-sp-d16 -mfloat-abi=hard -mthumb -o "Src/main.o" "../Src/main.s"
arm-none-eabi-gcc -o "lab-04.elf" @"objects.list"   -mcpu=cortex-m4 -T"C:\GitHub\ECEN 260 Microprocessor Based-Sys Design\lab-04\STM32L476RGTX_FLASH.ld" --specs=nosys.specs -Wl,-Map="lab-04.map" -Wl,--gc-sections -static --specs=nano.specs -mfpu=fpv4-sp-d16 -mfloat-abi=hard -mthumb -Wl,--start-group -lc -lm -Wl,--end-group
Finished building target: lab-04.elf
 
arm-none-eabi-size   lab-04.elf 
arm-none-eabi-objdump -h -S  lab-04.elf  > "lab-04.list"
   text	   data	    bss	    dec	    hex	filename
    892	      8	   1568	   2468	    9a4	lab-04.elf
Finished building: default.size.stdout
 
Finished building: lab-04.list
 
00:14:05 **** Incremental Build of configuration Debug for project lab-04 ****
make -j20 all 
arm-none-eabi-gcc -mcpu=cortex-m4 -g3 -DDEBUG -c -x assembler-with-cpp -MMD -MP -MF"Src/main.d" -MT"Src/main.o" --specs=nano.specs -mfpu=fpv4-sp-d16 -mfloat-abi=hard -mthumb -o "Src/main.o" "../Src/main.s"
arm-none-eabi-gcc -o "lab-04.elf" @"objects.list"   -mcpu=cortex-m4 -T"C:\GitHub\ECEN 260 Microprocessor Based-Sys Design\lab-04\STM32L476RGTX_FLASH.ld" --specs=nosys.specs -Wl,-Map="lab-04.map" -Wl,--gc-sections -static --specs=nano.specs -mfpu=fpv4-sp-d16 -mfloat-abi=hard -mthumb -Wl,--start-group -lc -lm -Wl,--end-group
Finished building target: lab-04.elf
 
arm-none-eabi-size   lab-04.elf 
arm-none-eabi-objdump -h -S  lab-04.elf  > "lab-04.list"
   text	   data	    bss	    dec	    hex	filename
    892	      8	   1568	   2468	    9a4	lab-04.elf
Finished building: default.size.stdout
 
Finished building: lab-04.list
 
00:17:14 **** Incremental Build of configuration Debug for project lab-04 ****
make -j20 all 
arm-none-eabi-gcc -mcpu=cortex-m4 -g3 -DDEBUG -c -x assembler-with-cpp -MMD -MP -MF"Src/main.d" -MT"Src/main.o" --specs=nano.specs -mfpu=fpv4-sp-d16 -mfloat-abi=hard -mthumb -o "Src/main.o" "../Src/main.s"
arm-none-eabi-gcc -o "lab-04.elf" @"objects.list"   -mcpu=cortex-m4 -T"C:\GitHub\ECEN 260 Microprocessor Based-Sys Design\lab-04\STM32L476RGTX_FLASH.ld" --specs=nosys.specs -Wl,-Map="lab-04.map" -Wl,--gc-sections -static --specs=nano.specs -mfpu=fpv4-sp-d16 -mfloat-abi=hard -mthumb -Wl,--start-group -lc -lm -Wl,--end-group
Finished building target: lab-04.elf
 
arm-none-eabi-size   lab-04.elf 
arm-none-eabi-objdump -h -S  lab-04.elf  > "lab-04.list"
   text	   data	    bss	    dec	    hex	filename
    892	      8	   1568	   2468	    9a4	lab-04.elf
Finished building: default.size.stdout
 
Finished building: lab-04.list
 
00:29:21 **** Incremental Build of configuration Debug for project lab-04 ****
make -j20 all 
arm-none-eabi-gcc -mcpu=cortex-m4 -g3 -DDEBUG -c -x assembler-with-cpp -MMD -MP -MF"Src/main.d" -MT"Src/main.o" --specs=nano.specs -mfpu=fpv4-sp-d16 -mfloat-abi=hard -mthumb -o "Src/main.o" "../Src/main.s"
arm-none-eabi-gcc -o "lab-04.elf" @"objects.list"   -mcpu=cortex-m4 -T"C:\GitHub\ECEN 260 Microprocessor Based-Sys Design\lab-04\STM32L476RGTX_FLASH.ld" --specs=nosys.specs -Wl,-Map="lab-04.map" -Wl,--gc-sections -static --specs=nano.specs -mfpu=fpv4-sp-d16 -mfloat-abi=hard -mthumb -Wl,--start-group -lc -lm -Wl,--end-group
Finished building target: lab-04.elf
 
arm-none-eabi-size   lab-04.elf 
arm-none-eabi-objdump -h -S  lab-04.elf  > "lab-04.list"
   text	   data	    bss	    dec	    hex	filename
    904	      8	   1568	   2480	    9b0	lab-04.elf
Finished building: default.size.stdout
 
Finished building: lab-04.list
 
00:32:36 **** Incremental Build of configuration Debug for project lab-04 ****
make -j20 all 
arm-none-eabi-gcc -mcpu=cortex-m4 -g3 -DDEBUG -c -x assembler-with-cpp -MMD -MP -MF"Src/main.d" -MT"Src/main.o" --specs=nano.specs -mfpu=fpv4-sp-d16 -mfloat-abi=hard -mthumb -o "Src/main.o" "../Src/main.s"
arm-none-eabi-gcc -o "lab-04.elf" @"objects.list"   -mcpu=cortex-m4 -T"C:\GitHub\ECEN 260 Microprocessor Based-Sys Design\lab-04\STM32L476RGTX_FLASH.ld" --specs=nosys.specs -Wl,-Map="lab-04.map" -Wl,--gc-sections -static --specs=nano.specs -mfpu=fpv4-sp-d16 -mfloat-abi=hard -mthumb -Wl,--start-group -lc -lm -Wl,--end-group
Finished building target: lab-04.elf
 
arm-none-eabi-size   lab-04.elf 
arm-none-eabi-objdump -h -S  lab-04.elf  > "lab-04.list"
   text	   data	    bss	    dec	    hex	filename
    912	      8	   1568	   2488	    9b8	lab-04.elf
Finished building: default.size.stdout
 
Finished building: lab-04.list
 
00:46:59 **** Incremental Build of configuration Debug for project lab-04 ****
make -j20 all 
arm-none-eabi-gcc -mcpu=cortex-m4 -g3 -DDEBUG -c -x assembler-with-cpp -MMD -MP -MF"Src/main.d" -MT"Src/main.o" --specs=nano.specs -mfpu=fpv4-sp-d16 -mfloat-abi=hard -mthumb -o "Src/main.o" "../Src/main.s"
arm-none-eabi-gcc -o "lab-04.elf" @"objects.list"   -mcpu=cortex-m4 -T"C:\GitHub\ECEN 260 Microprocessor Based-Sys Design\lab-04\STM32L476RGTX_FLASH.ld" --specs=nosys.specs -Wl,-Map="lab-04.map" -Wl,--gc-sections -static --specs=nano.specs -mfpu=fpv4-sp-d16 -mfloat-abi=hard -mthumb -Wl,--start-group -lc -lm -Wl,--end-group
Finished building target: lab-04.elf
 
arm-none-eabi-size   lab-04.elf 
arm-none-eabi-objdump -h -S  lab-04.elf  > "lab-04.list"
   text	   data	    bss	    dec	    hex	filename
    860	      8	   1568	   2436	    984	lab-04.elf
Finished building: default.size.stdout
 
Finished building: lab-04.list
 
00:50:58 **** Incremental Build of configuration Debug for project lab-04 ****
make -j20 all 
arm-none-eabi-gcc -mcpu=cortex-m4 -g3 -DDEBUG -c -x assembler-with-cpp -MMD -MP -MF"Src/main.d" -MT"Src/main.o" --specs=nano.specs -mfpu=fpv4-sp-d16 -mfloat-abi=hard -mthumb -o "Src/main.o" "../Src/main.s"
arm-none-eabi-gcc -o "lab-04.elf" @"objects.list"   -mcpu=cortex-m4 -T"C:\GitHub\ECEN 260 Microprocessor Based-Sys Design\lab-04\STM32L476RGTX_FLASH.ld" --specs=nosys.specs -Wl,-Map="lab-04.map" -Wl,--gc-sections -static --specs=nano.specs -mfpu=fpv4-sp-d16 -mfloat-abi=hard -mthumb -Wl,--start-group -lc -lm -Wl,--end-group
Finished building target: lab-04.elf
 
arm-none-eabi-size   lab-04.elf 
arm-none-eabi-objdump -h -S  lab-04.elf  > "lab-04.list"
   text	   data	    bss	    dec	    hex	filename
    864	      8	   1568	   2440	    988	lab-04.elf
Finished building: default.size.stdout
 
Finished building: lab-04.list
 
00:51:53 **** Incremental Build of configuration Debug for project lab-04 ****
make -j20 all 
arm-none-eabi-gcc -mcpu=cortex-m4 -g3 -DDEBUG -c -x assembler-with-cpp -MMD -MP -MF"Src/main.d" -MT"Src/main.o" --specs=nano.specs -mfpu=fpv4-sp-d16 -mfloat-abi=hard -mthumb -o "Src/main.o" "../Src/main.s"
arm-none-eabi-gcc -o "lab-04.elf" @"objects.list"   -mcpu=cortex-m4 -T"C:\GitHub\ECEN 260 Microprocessor Based-Sys Design\lab-04\STM32L476RGTX_FLASH.ld" --specs=nosys.specs -Wl,-Map="lab-04.map" -Wl,--gc-sections -static --specs=nano.specs -mfpu=fpv4-sp-d16 -mfloat-abi=hard -mthumb -Wl,--start-group -lc -lm -Wl,--end-group
Finished building target: lab-04.elf
 
arm-none-eabi-size   lab-04.elf 
arm-none-eabi-objdump -h -S  lab-04.elf  > "lab-04.list"
   text	   data	    bss	    dec	    hex	filename
    868	      8	   1568	   2444	    98c	lab-04.elf
Finished building: default.size.stdout
 
Finished building: lab-04.list
 
00:53:04 **** Incremental Build of configuration Debug for project lab-04 ****
make -j20 all 
arm-none-eabi-gcc -mcpu=cortex-m4 -g3 -DDEBUG -c -x assembler-with-cpp -MMD -MP -MF"Src/main.d" -MT"Src/main.o" --specs=nano.specs -mfpu=fpv4-sp-d16 -mfloat-abi=hard -mthumb -o "Src/main.o" "../Src/main.s"
arm-none-eabi-gcc -o "lab-04.elf" @"objects.list"   -mcpu=cortex-m4 -T"C:\GitHub\ECEN 260 Microprocessor Based-Sys Design\lab-04\STM32L476RGTX_FLASH.ld" --specs=nosys.specs -Wl,-Map="lab-04.map" -Wl,--gc-sections -static --specs=nano.specs -mfpu=fpv4-sp-d16 -mfloat-abi=hard -mthumb -Wl,--start-group -lc -lm -Wl,--end-group
Finished building target: lab-04.elf
 
arm-none-eabi-size   lab-04.elf 
arm-none-eabi-objdump -h -S  lab-04.elf  > "lab-04.list"
   text	   data	    bss	    dec	    hex	filename
    868	      8	   1568	   2444	    98c	lab-04.elf
Finished building: default.size.stdout
 
Finished building: lab-04.list
 
01:01:09 **** Incremental Build of configuration Debug for project lab-04 ****
make -j20 all 
arm-none-eabi-gcc -mcpu=cortex-m4 -g3 -DDEBUG -c -x assembler-with-cpp -MMD -MP -MF"Src/main.d" -MT"Src/main.o" --specs=nano.specs -mfpu=fpv4-sp-d16 -mfloat-abi=hard -mthumb -o "Src/main.o" "../Src/main.s"
arm-none-eabi-gcc -o "lab-04.elf" @"objects.list"   -mcpu=cortex-m4 -T"C:\GitHub\ECEN 260 Microprocessor Based-Sys Design\lab-04\STM32L476RGTX_FLASH.ld" --specs=nosys.specs -Wl,-Map="lab-04.map" -Wl,--gc-sections -static --specs=nano.specs -mfpu=fpv4-sp-d16 -mfloat-abi=hard -mthumb -Wl,--start-group -lc -lm -Wl,--end-group
Finished building target: lab-04.elf
 
arm-none-eabi-size   lab-04.elf 
arm-none-eabi-objdump -h -S  lab-04.elf  > "lab-04.list"
   text	   data	    bss	    dec	    hex	filename
    868	      8	   1568	   2444	    98c	lab-04.elf
Finished building: default.size.stdout
 
Finished building: lab-04.list
 
01:03:14 **** Incremental Build of configuration Debug for project lab-04 ****
make -j20 all 
arm-none-eabi-gcc -mcpu=cortex-m4 -g3 -DDEBUG -c -x assembler-with-cpp -MMD -MP -MF"Src/main.d" -MT"Src/main.o" --specs=nano.specs -mfpu=fpv4-sp-d16 -mfloat-abi=hard -mthumb -o "Src/main.o" "../Src/main.s"
arm-none-eabi-gcc -o "lab-04.elf" @"objects.list"   -mcpu=cortex-m4 -T"C:\GitHub\ECEN 260 Microprocessor Based-Sys Design\lab-04\STM32L476RGTX_FLASH.ld" --specs=nosys.specs -Wl,-Map="lab-04.map" -Wl,--gc-sections -static --specs=nano.specs -mfpu=fpv4-sp-d16 -mfloat-abi=hard -mthumb -Wl,--start-group -lc -lm -Wl,--end-group
Finished building target: lab-04.elf
 
arm-none-eabi-size   lab-04.elf 
arm-none-eabi-objdump -h -S  lab-04.elf  > "lab-04.list"
   text	   data	    bss	    dec	    hex	filename
    868	      8	   1568	   2444	    98c	lab-04.elf
Finished building: default.size.stdout
 
Finished building: lab-04.list
 
01:05:40 **** Incremental Build of configuration Debug for project lab-04 ****
make -j20 all 
arm-none-eabi-gcc -mcpu=cortex-m4 -g3 -DDEBUG -c -x assembler-with-cpp -MMD -MP -MF"Src/main.d" -MT"Src/main.o" --specs=nano.specs -mfpu=fpv4-sp-d16 -mfloat-abi=hard -mthumb -o "Src/main.o" "../Src/main.s"
arm-none-eabi-gcc -o "lab-04.elf" @"objects.list"   -mcpu=cortex-m4 -T"C:\GitHub\ECEN 260 Microprocessor Based-Sys Design\lab-04\STM32L476RGTX_FLASH.ld" --specs=nosys.specs -Wl,-Map="lab-04.map" -Wl,--gc-sections -static --specs=nano.specs -mfpu=fpv4-sp-d16 -mfloat-abi=hard -mthumb -Wl,--start-group -lc -lm -Wl,--end-group
Finished building target: lab-04.elf
 
arm-none-eabi-size   lab-04.elf 
arm-none-eabi-objdump -h -S  lab-04.elf  > "lab-04.list"
   text	   data	    bss	    dec	    hex	filename
    868	      8	   1568	   2444	    98c	lab-04.elf
Finished building: default.size.stdout
 
Finished building: lab-04.list
 
01:10:21 **** Incremental Build of configuration Debug for project lab-04 ****
make -j20 all 
arm-none-eabi-gcc -mcpu=cortex-m4 -g3 -DDEBUG -c -x assembler-with-cpp -MMD -MP -MF"Src/main.d" -MT"Src/main.o" --specs=nano.specs -mfpu=fpv4-sp-d16 -mfloat-abi=hard -mthumb -o "Src/main.o" "../Src/main.s"
arm-none-eabi-gcc -o "lab-04.elf" @"objects.list"   -mcpu=cortex-m4 -T"C:\GitHub\ECEN 260 Microprocessor Based-Sys Design\lab-04\STM32L476RGTX_FLASH.ld" --specs=nosys.specs -Wl,-Map="lab-04.map" -Wl,--gc-sections -static --specs=nano.specs -mfpu=fpv4-sp-d16 -mfloat-abi=hard -mthumb -Wl,--start-group -lc -lm -Wl,--end-group
Finished building target: lab-04.elf
 
arm-none-eabi-size   lab-04.elf 
arm-none-eabi-objdump -h -S  lab-04.elf  > "lab-04.list"
   text	   data	    bss	    dec	    hex	filename
    868	      8	   1568	   2444	    98c	lab-04.elf
Finished building: default.size.stdout
 
Finished building: lab-04.list
 
01:11:23 **** Incremental Build of configuration Debug for project lab-04 ****
make -j20 all 
arm-none-eabi-size   lab-04.elf 
   text	   data	    bss	    dec	    hex	filename
    868	      8	   1568	   2444	    98c	lab-04.elf
Finished building: default.size.stdout
 
01:14:43 **** Incremental Build of configuration Debug for project lab-04 ****
make -j20 all 
arm-none-eabi-gcc -mcpu=cortex-m4 -g3 -DDEBUG -c -x assembler-with-cpp -MMD -MP -MF"Src/main.d" -MT"Src/main.o" --specs=nano.specs -mfpu=fpv4-sp-d16 -mfloat-abi=hard -mthumb -o "Src/main.o" "../Src/main.s"
../Src/main.s: Assembler messages:
../Src/main.s:134: Error: garbage following instruction -- `bx LR--------------------'
make: *** [Src/subdir.mk:29: Src/main.o] Error 1
"make -j20 all" terminated with exit code 2. Build might be incomplete.
01:14:58 **** Incremental Build of configuration Debug for project lab-04 ****
make -j20 all 
arm-none-eabi-gcc -mcpu=cortex-m4 -g3 -DDEBUG -c -x assembler-with-cpp -MMD -MP -MF"Src/main.d" -MT"Src/main.o" --specs=nano.specs -mfpu=fpv4-sp-d16 -mfloat-abi=hard -mthumb -o "Src/main.o" "../Src/main.s"
arm-none-eabi-gcc -o "lab-04.elf" @"objects.list"   -mcpu=cortex-m4 -T"C:\GitHub\ECEN 260 Microprocessor Based-Sys Design\lab-04\STM32L476RGTX_FLASH.ld" --specs=nosys.specs -Wl,-Map="lab-04.map" -Wl,--gc-sections -static --specs=nano.specs -mfpu=fpv4-sp-d16 -mfloat-abi=hard -mthumb -Wl,--start-group -lc -lm -Wl,--end-group
Finished building target: lab-04.elf
 
arm-none-eabi-size   lab-04.elf 
arm-none-eabi-objdump -h -S  lab-04.elf  > "lab-04.list"
   text	   data	    bss	    dec	    hex	filename
    864	      8	   1568	   2440	    988	lab-04.elf
Finished building: default.size.stdout
 
Finished building: lab-04.list
 
01:20:02 **** Incremental Build of configuration Debug for project lab-04 ****
make -j20 all 
arm-none-eabi-gcc -mcpu=cortex-m4 -g3 -DDEBUG -c -x assembler-with-cpp -MMD -MP -MF"Src/main.d" -MT"Src/main.o" --specs=nano.specs -mfpu=fpv4-sp-d16 -mfloat-abi=hard -mthumb -o "Src/main.o" "../Src/main.s"
arm-none-eabi-gcc -o "lab-04.elf" @"objects.list"   -mcpu=cortex-m4 -T"C:\GitHub\ECEN 260 Microprocessor Based-Sys Design\lab-04\STM32L476RGTX_FLASH.ld" --specs=nosys.specs -Wl,-Map="lab-04.map" -Wl,--gc-sections -static --specs=nano.specs -mfpu=fpv4-sp-d16 -mfloat-abi=hard -mthumb -Wl,--start-group -lc -lm -Wl,--end-group
Finished building target: lab-04.elf
 
arm-none-eabi-size   lab-04.elf 
arm-none-eabi-objdump -h -S  lab-04.elf  > "lab-04.list"
   text	   data	    bss	    dec	    hex	filename
    864	      8	   1568	   2440	    988	lab-04.elf
Finished building: default.size.stdout
 
Finished building: lab-04.list
 
01:24:24 **** Incremental Build of configuration Debug for project lab-04 ****
make -j20 all 
arm-none-eabi-gcc -mcpu=cortex-m4 -g3 -DDEBUG -c -x assembler-with-cpp -MMD -MP -MF"Src/main.d" -MT"Src/main.o" --specs=nano.specs -mfpu=fpv4-sp-d16 -mfloat-abi=hard -mthumb -o "Src/main.o" "../Src/main.s"
arm-none-eabi-gcc -o "lab-04.elf" @"objects.list"   -mcpu=cortex-m4 -T"C:\GitHub\ECEN 260 Microprocessor Based-Sys Design\lab-04\STM32L476RGTX_FLASH.ld" --specs=nosys.specs -Wl,-Map="lab-04.map" -Wl,--gc-sections -static --specs=nano.specs -mfpu=fpv4-sp-d16 -mfloat-abi=hard -mthumb -Wl,--start-group -lc -lm -Wl,--end-group
C:/ST/STM32CubeIDE_1.13.2/STM32CubeIDE/plugins/com.st.stm32cube.ide.mcu.externaltools.gnu-tools-for-stm32.11.3.rel1.win32_1.1.1.202309131626/tools/bin/../lib/gcc/arm-none-eabi/11.3.1/../../../../arm-none-eabi/bin/ld.exe: ./Src/main.o: in function `loop':
C:/GitHub/ECEN 260 Microprocessor Based-Sys Design/lab-04/Debug/../Src/main.s:95: undefined reference to `elseButton1'
collect2.exe: error: ld returned 1 exit status
make: *** [makefile:63: lab-04.elf] Error 1
"make -j20 all" terminated with exit code 2. Build might be incomplete.
01:26:13 **** Incremental Build of configuration Debug for project lab-04 ****
make -j20 all 
arm-none-eabi-gcc -mcpu=cortex-m4 -g3 -DDEBUG -c -x assembler-with-cpp -MMD -MP -MF"Src/main.d" -MT"Src/main.o" --specs=nano.specs -mfpu=fpv4-sp-d16 -mfloat-abi=hard -mthumb -o "Src/main.o" "../Src/main.s"
arm-none-eabi-gcc -o "lab-04.elf" @"objects.list"   -mcpu=cortex-m4 -T"C:\GitHub\ECEN 260 Microprocessor Based-Sys Design\lab-04\STM32L476RGTX_FLASH.ld" --specs=nosys.specs -Wl,-Map="lab-04.map" -Wl,--gc-sections -static --specs=nano.specs -mfpu=fpv4-sp-d16 -mfloat-abi=hard -mthumb -Wl,--start-group -lc -lm -Wl,--end-group
Finished building target: lab-04.elf
 
arm-none-eabi-size   lab-04.elf 
arm-none-eabi-objdump -h -S  lab-04.elf  > "lab-04.list"
   text	   data	    bss	    dec	    hex	filename
    840	      8	   1568	   2416	    970	lab-04.elf
Finished building: default.size.stdout
 
Finished building: lab-04.list
 
01:40:12 **** Incremental Build of configuration Debug for project lab-04 ****
make -j20 all 
arm-none-eabi-gcc -mcpu=cortex-m4 -g3 -DDEBUG -c -x assembler-with-cpp -MMD -MP -MF"Src/main.d" -MT"Src/main.o" --specs=nano.specs -mfpu=fpv4-sp-d16 -mfloat-abi=hard -mthumb -o "Src/main.o" "../Src/main.s"
arm-none-eabi-gcc -o "lab-04.elf" @"objects.list"   -mcpu=cortex-m4 -T"C:\GitHub\ECEN 260 Microprocessor Based-Sys Design\lab-04\STM32L476RGTX_FLASH.ld" --specs=nosys.specs -Wl,-Map="lab-04.map" -Wl,--gc-sections -static --specs=nano.specs -mfpu=fpv4-sp-d16 -mfloat-abi=hard -mthumb -Wl,--start-group -lc -lm -Wl,--end-group
Finished building target: lab-04.elf
 
arm-none-eabi-size   lab-04.elf 
arm-none-eabi-objdump -h -S  lab-04.elf  > "lab-04.list"
   text	   data	    bss	    dec	    hex	filename
    840	      8	   1568	   2416	    970	lab-04.elf
Finished building: default.size.stdout
 
Finished building: lab-04.list
 
01:44:35 **** Incremental Build of configuration Debug for project lab-04 ****
make -j20 all 
arm-none-eabi-gcc -mcpu=cortex-m4 -g3 -DDEBUG -c -x assembler-with-cpp -MMD -MP -MF"Src/main.d" -MT"Src/main.o" --specs=nano.specs -mfpu=fpv4-sp-d16 -mfloat-abi=hard -mthumb -o "Src/main.o" "../Src/main.s"
arm-none-eabi-gcc -o "lab-04.elf" @"objects.list"   -mcpu=cortex-m4 -T"C:\GitHub\ECEN 260 Microprocessor Based-Sys Design\lab-04\STM32L476RGTX_FLASH.ld" --specs=nosys.specs -Wl,-Map="lab-04.map" -Wl,--gc-sections -static --specs=nano.specs -mfpu=fpv4-sp-d16 -mfloat-abi=hard -mthumb -Wl,--start-group -lc -lm -Wl,--end-group
Finished building target: lab-04.elf
 
arm-none-eabi-size   lab-04.elf 
arm-none-eabi-objdump -h -S  lab-04.elf  > "lab-04.list"
   text	   data	    bss	    dec	    hex	filename
    840	      8	   1568	   2416	    970	lab-04.elf
Finished building: default.size.stdout
 
Finished building: lab-04.list
 
01:46:22 **** Incremental Build of configuration Debug for project lab-04 ****
make -j20 all 
arm-none-eabi-size   lab-04.elf 
   text	   data	    bss	    dec	    hex	filename
    840	      8	   1568	   2416	    970	lab-04.elf
Finished building: default.size.stdout
 
01:47:12 **** Incremental Build of configuration Debug for project lab-04 ****
make -j20 all 
arm-none-eabi-gcc -mcpu=cortex-m4 -g3 -DDEBUG -c -x assembler-with-cpp -MMD -MP -MF"Src/main.d" -MT"Src/main.o" --specs=nano.specs -mfpu=fpv4-sp-d16 -mfloat-abi=hard -mthumb -o "Src/main.o" "../Src/main.s"
arm-none-eabi-gcc -o "lab-04.elf" @"objects.list"   -mcpu=cortex-m4 -T"C:\GitHub\ECEN 260 Microprocessor Based-Sys Design\lab-04\STM32L476RGTX_FLASH.ld" --specs=nosys.specs -Wl,-Map="lab-04.map" -Wl,--gc-sections -static --specs=nano.specs -mfpu=fpv4-sp-d16 -mfloat-abi=hard -mthumb -Wl,--start-group -lc -lm -Wl,--end-group
Finished building target: lab-04.elf
 
arm-none-eabi-size   lab-04.elf 
arm-none-eabi-objdump -h -S  lab-04.elf  > "lab-04.list"
   text	   data	    bss	    dec	    hex	filename
    864	      8	   1568	   2440	    988	lab-04.elf
Finished building: default.size.stdout
 
Finished building: lab-04.list
 
01:48:16 **** Incremental Build of configuration Debug for project lab-04 ****
make -j20 all 
arm-none-eabi-gcc -mcpu=cortex-m4 -g3 -DDEBUG -c -x assembler-with-cpp -MMD -MP -MF"Src/main.d" -MT"Src/main.o" --specs=nano.specs -mfpu=fpv4-sp-d16 -mfloat-abi=hard -mthumb -o "Src/main.o" "../Src/main.s"
arm-none-eabi-gcc -o "lab-04.elf" @"objects.list"   -mcpu=cortex-m4 -T"C:\GitHub\ECEN 260 Microprocessor Based-Sys Design\lab-04\STM32L476RGTX_FLASH.ld" --specs=nosys.specs -Wl,-Map="lab-04.map" -Wl,--gc-sections -static --specs=nano.specs -mfpu=fpv4-sp-d16 -mfloat-abi=hard -mthumb -Wl,--start-group -lc -lm -Wl,--end-group
Finished building target: lab-04.elf
 
arm-none-eabi-size   lab-04.elf 
arm-none-eabi-objdump -h -S  lab-04.elf  > "lab-04.list"
   text	   data	    bss	    dec	    hex	filename
    864	      8	   1568	   2440	    988	lab-04.elf
Finished building: default.size.stdout
 
Finished building: lab-04.list
 
01:48:32 **** Incremental Build of configuration Debug for project lab-04 ****
make -j20 all 
arm-none-eabi-size   lab-04.elf 
   text	   data	    bss	    dec	    hex	filename
    864	      8	   1568	   2440	    988	lab-04.elf
Finished building: default.size.stdout
 
01:59:06 **** Incremental Build of configuration Debug for project lab-04 ****
make -j20 all 
arm-none-eabi-gcc -mcpu=cortex-m4 -g3 -DDEBUG -c -x assembler-with-cpp -MMD -MP -MF"Src/main.d" -MT"Src/main.o" --specs=nano.specs -mfpu=fpv4-sp-d16 -mfloat-abi=hard -mthumb -o "Src/main.o" "../Src/main.s"
arm-none-eabi-gcc -o "lab-04.elf" @"objects.list"   -mcpu=cortex-m4 -T"C:\GitHub\ECEN 260 Microprocessor Based-Sys Design\lab-04\STM32L476RGTX_FLASH.ld" --specs=nosys.specs -Wl,-Map="lab-04.map" -Wl,--gc-sections -static --specs=nano.specs -mfpu=fpv4-sp-d16 -mfloat-abi=hard -mthumb -Wl,--start-group -lc -lm -Wl,--end-group
Finished building target: lab-04.elf
 
arm-none-eabi-size   lab-04.elf 
arm-none-eabi-objdump -h -S  lab-04.elf  > "lab-04.list"
   text	   data	    bss	    dec	    hex	filename
    868	      8	   1568	   2444	    98c	lab-04.elf
Finished building: default.size.stdout
 
Finished building: lab-04.list
 
02:02:17 **** Incremental Build of configuration Debug for project lab-04 ****
make -j20 all 
arm-none-eabi-gcc -mcpu=cortex-m4 -g3 -DDEBUG -c -x assembler-with-cpp -MMD -MP -MF"Src/main.d" -MT"Src/main.o" --specs=nano.specs -mfpu=fpv4-sp-d16 -mfloat-abi=hard -mthumb -o "Src/main.o" "../Src/main.s"
arm-none-eabi-gcc -o "lab-04.elf" @"objects.list"   -mcpu=cortex-m4 -T"C:\GitHub\ECEN 260 Microprocessor Based-Sys Design\lab-04\STM32L476RGTX_FLASH.ld" --specs=nosys.specs -Wl,-Map="lab-04.map" -Wl,--gc-sections -static --specs=nano.specs -mfpu=fpv4-sp-d16 -mfloat-abi=hard -mthumb -Wl,--start-group -lc -lm -Wl,--end-group
Finished building target: lab-04.elf
 
arm-none-eabi-size   lab-04.elf 
arm-none-eabi-objdump -h -S  lab-04.elf  > "lab-04.list"
   text	   data	    bss	    dec	    hex	filename
    896	      8	   1568	   2472	    9a8	lab-04.elf
Finished building: default.size.stdout
 
Finished building: lab-04.list
 
02:06:52 **** Incremental Build of configuration Debug for project lab-04 ****
make -j20 all 
arm-none-eabi-gcc -mcpu=cortex-m4 -g3 -DDEBUG -c -x assembler-with-cpp -MMD -MP -MF"Src/main.d" -MT"Src/main.o" --specs=nano.specs -mfpu=fpv4-sp-d16 -mfloat-abi=hard -mthumb -o "Src/main.o" "../Src/main.s"
arm-none-eabi-gcc -o "lab-04.elf" @"objects.list"   -mcpu=cortex-m4 -T"C:\GitHub\ECEN 260 Microprocessor Based-Sys Design\lab-04\STM32L476RGTX_FLASH.ld" --specs=nosys.specs -Wl,-Map="lab-04.map" -Wl,--gc-sections -static --specs=nano.specs -mfpu=fpv4-sp-d16 -mfloat-abi=hard -mthumb -Wl,--start-group -lc -lm -Wl,--end-group
Finished building target: lab-04.elf
 
arm-none-eabi-size   lab-04.elf 
arm-none-eabi-objdump -h -S  lab-04.elf  > "lab-04.list"
   text	   data	    bss	    dec	    hex	filename
    900	      8	   1568	   2476	    9ac	lab-04.elf
Finished building: default.size.stdout
 
Finished building: lab-04.list
 
02:12:56 **** Incremental Build of configuration Debug for project lab-04 ****
make -j20 all 
arm-none-eabi-gcc -mcpu=cortex-m4 -g3 -DDEBUG -c -x assembler-with-cpp -MMD -MP -MF"Src/main.d" -MT"Src/main.o" --specs=nano.specs -mfpu=fpv4-sp-d16 -mfloat-abi=hard -mthumb -o "Src/main.o" "../Src/main.s"
arm-none-eabi-gcc -o "lab-04.elf" @"objects.list"   -mcpu=cortex-m4 -T"C:\GitHub\ECEN 260 Microprocessor Based-Sys Design\lab-04\STM32L476RGTX_FLASH.ld" --specs=nosys.specs -Wl,-Map="lab-04.map" -Wl,--gc-sections -static --specs=nano.specs -mfpu=fpv4-sp-d16 -mfloat-abi=hard -mthumb -Wl,--start-group -lc -lm -Wl,--end-group
Finished building target: lab-04.elf
 
arm-none-eabi-size   lab-04.elf 
arm-none-eabi-objdump -h -S  lab-04.elf  > "lab-04.list"
   text	   data	    bss	    dec	    hex	filename
    900	      8	   1568	   2476	    9ac	lab-04.elf
Finished building: default.size.stdout
 
Finished building: lab-04.list
 
02:17:56 **** Incremental Build of configuration Debug for project lab-04 ****
make -j20 all 
arm-none-eabi-gcc -mcpu=cortex-m4 -g3 -DDEBUG -c -x assembler-with-cpp -MMD -MP -MF"Src/main.d" -MT"Src/main.o" --specs=nano.specs -mfpu=fpv4-sp-d16 -mfloat-abi=hard -mthumb -o "Src/main.o" "../Src/main.s"
arm-none-eabi-gcc -o "lab-04.elf" @"objects.list"   -mcpu=cortex-m4 -T"C:\GitHub\ECEN 260 Microprocessor Based-Sys Design\lab-04\STM32L476RGTX_FLASH.ld" --specs=nosys.specs -Wl,-Map="lab-04.map" -Wl,--gc-sections -static --specs=nano.specs -mfpu=fpv4-sp-d16 -mfloat-abi=hard -mthumb -Wl,--start-group -lc -lm -Wl,--end-group
Finished building target: lab-04.elf
 
arm-none-eabi-size   lab-04.elf 
arm-none-eabi-objdump -h -S  lab-04.elf  > "lab-04.list"
   text	   data	    bss	    dec	    hex	filename
    924	      8	   1568	   2500	    9c4	lab-04.elf
Finished building: default.size.stdout
 
Finished building: lab-04.list
 
10:47:14 **** Incremental Build of configuration Debug for project lab-04 ****
make -j20 all 
arm-none-eabi-size   lab-04.elf 
   text	   data	    bss	    dec	    hex	filename
    924	      8	   1568	   2500	    9c4	lab-04.elf
Finished building: default.size.stdout
 
13:23:49 **** Build of configuration Debug for project MyFirstC ****
make -j20 all 
arm-none-eabi-gcc -mcpu=cortex-m4 -g3 -DDEBUG -c -x assembler-with-cpp -MMD -MP -MF"Startup/startup_stm32l476rgtx.d" -MT"Startup/startup_stm32l476rgtx.o" --specs=nano.specs -mfpu=fpv4-sp-d16 -mfloat-abi=hard -mthumb -o "Startup/startup_stm32l476rgtx.o" "../Startup/startup_stm32l476rgtx.s"
arm-none-eabi-gcc "../Src/main.c" -mcpu=cortex-m4 -std=gnu11 -g3 -DDEBUG -DSTM32L4 -DSTM32 -DNUCLEO_L476RG -DSTM32L476RGTx -c -I../Inc -O0 -ffunction-sections -fdata-sections -Wall -fstack-usage -fcyclomatic-complexity -MMD -MP -MF"Src/main.d" -MT"Src/main.o" --specs=nano.specs -mfpu=fpv4-sp-d16 -mfloat-abi=hard -mthumb -o "Src/main.o"
arm-none-eabi-gcc "../Src/syscalls.c" -mcpu=cortex-m4 -std=gnu11 -g3 -DDEBUG -DSTM32L4 -DSTM32 -DNUCLEO_L476RG -DSTM32L476RGTx -c -I../Inc -O0 -ffunction-sections -fdata-sections -Wall -fstack-usage -fcyclomatic-complexity -MMD -MP -MF"Src/syscalls.d" -MT"Src/syscalls.o" --specs=nano.specs -mfpu=fpv4-sp-d16 -mfloat-abi=hard -mthumb -o "Src/syscalls.o"
arm-none-eabi-gcc "../Src/sysmem.c" -mcpu=cortex-m4 -std=gnu11 -g3 -DDEBUG -DSTM32L4 -DSTM32 -DNUCLEO_L476RG -DSTM32L476RGTx -c -I../Inc -O0 -ffunction-sections -fdata-sections -Wall -fstack-usage -fcyclomatic-complexity -MMD -MP -MF"Src/sysmem.d" -MT"Src/sysmem.o" --specs=nano.specs -mfpu=fpv4-sp-d16 -mfloat-abi=hard -mthumb -o "Src/sysmem.o"
../Src/main.c:3:6: warning: return type of 'main' is not 'int' [-Wmain]
    3 | void main(void)
      |      ^~~~
../Src/main.c: In function 'main':
../Src/main.c:6:13: warning: unused variable 'z' [-Wunused-variable]
    6 |         int z = x + y;
      |             ^
arm-none-eabi-gcc -o "MyFirstC.elf" @"objects.list"   -mcpu=cortex-m4 -T"C:\GitHub\ECEN 260 Microprocessor Based-Sys Design\MyFirstC\STM32L476RGTX_FLASH.ld" --specs=nosys.specs -Wl,-Map="MyFirstC.map" -Wl,--gc-sections -static --specs=nano.specs -mfpu=fpv4-sp-d16 -mfloat-abi=hard -mthumb -Wl,--start-group -lc -lm -Wl,--end-group
Finished building target: MyFirstC.elf
 
arm-none-eabi-size   MyFirstC.elf 
arm-none-eabi-objdump -h -S  MyFirstC.elf  > "MyFirstC.list"
   text	   data	    bss	    dec	    hex	filename
    660	     12	   1564	   2236	    8bc	MyFirstC.elf
Finished building: default.size.stdout
 
Finished building: MyFirstC.list
 
13:23:58 **** Incremental Build of configuration Debug for project MyFirstC ****
make -j20 all 
arm-none-eabi-size   MyFirstC.elf 
   text	   data	    bss	    dec	    hex	filename
    660	     12	   1564	   2236	    8bc	MyFirstC.elf
Finished building: default.size.stdout
 
13:54:21 **** Incremental Build of configuration Debug for project MyFirstC ****
make -j20 all 
arm-none-eabi-gcc "../Src/main.c" -mcpu=cortex-m4 -std=gnu11 -g3 -DDEBUG -DSTM32L4 -DSTM32 -DNUCLEO_L476RG -DSTM32L476RGTx -c -I../Inc -O0 -ffunction-sections -fdata-sections -Wall -fstack-usage -fcyclomatic-complexity -MMD -MP -MF"Src/main.d" -MT"Src/main.o" --specs=nano.specs -mfpu=fpv4-sp-d16 -mfloat-abi=hard -mthumb -o "Src/main.o"
../Src/main.c:7:6: warning: return type of 'main' is not 'int' [-Wmain]
    7 | void main(void)
      |      ^~~~
../Src/main.c: In function 'main':
../Src/main.c:9:19: warning: unused variable 'BroWatson' [-Wunused-variable]
    9 |         StudentID BroWatson = {123456, 'B', "Bro. Watson"};
      |                   ^~~~~~~~~
arm-none-eabi-gcc -o "MyFirstC.elf" @"objects.list"   -mcpu=cortex-m4 -T"C:\GitHub\ECEN 260 Microprocessor Based-Sys Design\MyFirstC\STM32L476RGTX_FLASH.ld" --specs=nosys.specs -Wl,-Map="MyFirstC.map" -Wl,--gc-sections -static --specs=nano.specs -mfpu=fpv4-sp-d16 -mfloat-abi=hard -mthumb -Wl,--start-group -lc -lm -Wl,--end-group
Finished building target: MyFirstC.elf
 
arm-none-eabi-size   MyFirstC.elf 
arm-none-eabi-objdump -h -S  MyFirstC.elf  > "MyFirstC.list"
   text	   data	    bss	    dec	    hex	filename
    700	      8	   1568	   2276	    8e4	MyFirstC.elf
Finished building: default.size.stdout
 
Finished building: MyFirstC.list
 
14:00:00 **** Incremental Build of configuration Debug for project MyFirstC ****
make -j20 all 
arm-none-eabi-gcc "../Src/main.c" -mcpu=cortex-m4 -std=gnu11 -g3 -DDEBUG -DSTM32L4 -DSTM32 -DNUCLEO_L476RG -DSTM32L476RGTx -c -I../Inc -O0 -ffunction-sections -fdata-sections -Wall -fstack-usage -fcyclomatic-complexity -MMD -MP -MF"Src/main.d" -MT"Src/main.o" --specs=nano.specs -mfpu=fpv4-sp-d16 -mfloat-abi=hard -mthumb -o "Src/main.o"
../Src/main.c:7:6: warning: return type of 'main' is not 'int' [-Wmain]
    7 | void main(void)
      |      ^~~~
../Src/main.c: In function 'main':
../Src/main.c:10:20: warning: unused variable 'pxBroWatson' [-Wunused-variable]
   10 |         StudentID* pxBroWatson = &BroWatson;
      |                    ^~~~~~~~~~~
arm-none-eabi-gcc -o "MyFirstC.elf" @"objects.list"   -mcpu=cortex-m4 -T"C:\GitHub\ECEN 260 Microprocessor Based-Sys Design\MyFirstC\STM32L476RGTX_FLASH.ld" --specs=nosys.specs -Wl,-Map="MyFirstC.map" -Wl,--gc-sections -static --specs=nano.specs -mfpu=fpv4-sp-d16 -mfloat-abi=hard -mthumb -Wl,--start-group -lc -lm -Wl,--end-group
Finished building target: MyFirstC.elf
 
arm-none-eabi-size   MyFirstC.elf 
arm-none-eabi-objdump -h -S  MyFirstC.elf  > "MyFirstC.list"
   text	   data	    bss	    dec	    hex	filename
    704	      8	   1568	   2280	    8e8	MyFirstC.elf
Finished building: default.size.stdout
 
Finished building: MyFirstC.list
 
00:21:10 **** Build of configuration Debug for project lab-05 ****
make -j20 all 
arm-none-eabi-gcc -mcpu=cortex-m4 -g3 -DDEBUG -c -x assembler-with-cpp -MMD -MP -MF"Startup/startup_stm32l476rgtx.d" -MT"Startup/startup_stm32l476rgtx.o" --specs=nano.specs -mfpu=fpv4-sp-d16 -mfloat-abi=hard -mthumb -o "Startup/startup_stm32l476rgtx.o" "../Startup/startup_stm32l476rgtx.s"
arm-none-eabi-gcc "../Src/Lab5_scaffolding_turn_on_LED_with_Button.c" -mcpu=cortex-m4 -std=gnu11 -g3 -DDEBUG -DSTM32L4 -DSTM32 -DNUCLEO_L476RG -DSTM32L476RGTx -c -I../Inc -O0 -ffunction-sections -fdata-sections -Wall -fstack-usage -fcyclomatic-complexity -MMD -MP -MF"Src/Lab5_scaffolding_turn_on_LED_with_Button.d" -MT"Src/Lab5_scaffolding_turn_on_LED_with_Button.o" --specs=nano.specs -mfpu=fpv4-sp-d16 -mfloat-abi=hard -mthumb -o "Src/Lab5_scaffolding_turn_on_LED_with_Button.o"
arm-none-eabi-gcc "../Src/main.c" -mcpu=cortex-m4 -std=gnu11 -g3 -DDEBUG -DSTM32L4 -DSTM32 -DNUCLEO_L476RG -DSTM32L476RGTx -c -I../Inc -O0 -ffunction-sections -fdata-sections -Wall -fstack-usage -fcyclomatic-complexity -MMD -MP -MF"Src/main.d" -MT"Src/main.o" --specs=nano.specs -mfpu=fpv4-sp-d16 -mfloat-abi=hard -mthumb -o "Src/main.o"
arm-none-eabi-gcc "../Src/syscalls.c" -mcpu=cortex-m4 -std=gnu11 -g3 -DDEBUG -DSTM32L4 -DSTM32 -DNUCLEO_L476RG -DSTM32L476RGTx -c -I../Inc -O0 -ffunction-sections -fdata-sections -Wall -fstack-usage -fcyclomatic-complexity -MMD -MP -MF"Src/syscalls.d" -MT"Src/syscalls.o" --specs=nano.specs -mfpu=fpv4-sp-d16 -mfloat-abi=hard -mthumb -o "Src/syscalls.o"
arm-none-eabi-gcc "../Src/sysmem.c" -mcpu=cortex-m4 -std=gnu11 -g3 -DDEBUG -DSTM32L4 -DSTM32 -DNUCLEO_L476RG -DSTM32L476RGTx -c -I../Inc -O0 -ffunction-sections -fdata-sections -Wall -fstack-usage -fcyclomatic-complexity -MMD -MP -MF"Src/sysmem.d" -MT"Src/sysmem.o" --specs=nano.specs -mfpu=fpv4-sp-d16 -mfloat-abi=hard -mthumb -o "Src/sysmem.o"
arm-none-eabi-gcc -o "lab-05.elf" @"objects.list"   -mcpu=cortex-m4 -T"C:\GitHub\ECEN 260 Microprocessor Based-Sys Design\lab-05\STM32L476RGTX_FLASH.ld" --specs=nosys.specs -Wl,-Map="lab-05.map" -Wl,--gc-sections -static --specs=nano.specs -mfpu=fpv4-sp-d16 -mfloat-abi=hard -mthumb -Wl,--start-group -lc -lm -Wl,--end-group
C:/ST/STM32CubeIDE_1.13.2/STM32CubeIDE/plugins/com.st.stm32cube.ide.mcu.externaltools.gnu-tools-for-stm32.11.3.rel1.win32_1.1.1.202309131626/tools/bin/../lib/gcc/arm-none-eabi/11.3.1/../../../../arm-none-eabi/bin/ld.exe: ./Src/main.o:C:/GitHub/ECEN 260 Microprocessor Based-Sys Design/lab-05/Debug/../Src/main.c:23: multiple definition of `AHB2ENR'; ./Src/Lab5_scaffolding_turn_on_LED_with_Button.o:C:/GitHub/ECEN 260 Microprocessor Based-Sys Design/lab-05/Debug/../Src/Lab5_scaffolding_turn_on_LED_with_Button.c:17: first defined here
C:/ST/STM32CubeIDE_1.13.2/STM32CubeIDE/plugins/com.st.stm32cube.ide.mcu.externaltools.gnu-tools-for-stm32.11.3.rel1.win32_1.1.1.202309131626/tools/bin/../lib/gcc/arm-none-eabi/11.3.1/../../../../arm-none-eabi/bin/ld.exe: ./Src/main.o:C:/GitHub/ECEN 260 Microprocessor Based-Sys Design/lab-05/Debug/../Src/main.c:25: multiple definition of `GPIOA'; ./Src/Lab5_scaffolding_turn_on_LED_with_Button.o:C:/GitHub/ECEN 260 Microprocessor Based-Sys Design/lab-05/Debug/../Src/Lab5_scaffolding_turn_on_LED_with_Button.c:20: first defined here
C:/ST/STM32CubeIDE_1.13.2/STM32CubeIDE/plugins/com.st.stm32cube.ide.mcu.externaltools.gnu-tools-for-stm32.11.3.rel1.win32_1.1.1.202309131626/tools/bin/../lib/gcc/arm-none-eabi/11.3.1/../../../../arm-none-eabi/bin/ld.exe: ./Src/main.o:C:/GitHub/ECEN 260 Microprocessor Based-Sys Design/lab-05/Debug/../Src/main.c:26: multiple definition of `GPIOB'; ./Src/Lab5_scaffolding_turn_on_LED_with_Button.o:C:/GitHub/ECEN 260 Microprocessor Based-Sys Design/lab-05/Debug/../Src/Lab5_scaffolding_turn_on_LED_with_Button.c:21: first defined here
C:/ST/STM32CubeIDE_1.13.2/STM32CubeIDE/plugins/com.st.stm32cube.ide.mcu.externaltools.gnu-tools-for-stm32.11.3.rel1.win32_1.1.1.202309131626/tools/bin/../lib/gcc/arm-none-eabi/11.3.1/../../../../arm-none-eabi/bin/ld.exe: ./Src/main.o:C:/GitHub/ECEN 260 Microprocessor Based-Sys Design/lab-05/Debug/../Src/main.c:27: multiple definition of `GPIOC'; ./Src/Lab5_scaffolding_turn_on_LED_with_Button.o:C:/GitHub/ECEN 260 Microprocessor Based-Sys Design/lab-05/Debug/../Src/Lab5_scaffolding_turn_on_LED_with_Button.c:22: first defined here
C:/ST/STM32CubeIDE_1.13.2/STM32CubeIDE/plugins/com.st.stm32cube.ide.mcu.externaltools.gnu-tools-for-stm32.11.3.rel1.win32_1.1.1.202309131626/tools/bin/../lib/gcc/arm-none-eabi/11.3.1/../../../../arm-none-eabi/bin/ld.exe: ./Src/main.o: in function `main':
C:/GitHub/ECEN 260 Microprocessor Based-Sys Design/lab-05/Debug/../Src/main.c:41: multiple definition of `main'; ./Src/Lab5_scaffolding_turn_on_LED_with_Button.o:C:/GitHub/ECEN 260 Microprocessor Based-Sys Design/lab-05/Debug/../Src/Lab5_scaffolding_turn_on_LED_with_Button.c:33: first defined here
collect2.exe: error: ld returned 1 exit status
make: *** [makefile:63: lab-05.elf] Error 1
"make -j20 all" terminated with exit code 2. Build might be incomplete.
00:23:02 **** Incremental Build of configuration Debug for project lab-05 ****
make -j20 all 
arm-none-eabi-gcc "../Src/Lab5_scaffolding_turn_on_LED_with_Button.c" -mcpu=cortex-m4 -std=gnu11 -g3 -DDEBUG -DSTM32L4 -DSTM32 -DNUCLEO_L476RG -DSTM32L476RGTx -c -I../Inc -O0 -ffunction-sections -fdata-sections -Wall -fstack-usage -fcyclomatic-complexity -MMD -MP -MF"Src/Lab5_scaffolding_turn_on_LED_with_Button.d" -MT"Src/Lab5_scaffolding_turn_on_LED_with_Button.o" --specs=nano.specs -mfpu=fpv4-sp-d16 -mfloat-abi=hard -mthumb -o "Src/Lab5_scaffolding_turn_on_LED_with_Button.o"
arm-none-eabi-gcc -o "lab-05.elf" @"objects.list"   -mcpu=cortex-m4 -T"C:\GitHub\ECEN 260 Microprocessor Based-Sys Design\lab-05\STM32L476RGTX_FLASH.ld" --specs=nosys.specs -Wl,-Map="lab-05.map" -Wl,--gc-sections -static --specs=nano.specs -mfpu=fpv4-sp-d16 -mfloat-abi=hard -mthumb -Wl,--start-group -lc -lm -Wl,--end-group
C:/ST/STM32CubeIDE_1.13.2/STM32CubeIDE/plugins/com.st.stm32cube.ide.mcu.externaltools.gnu-tools-for-stm32.11.3.rel1.win32_1.1.1.202309131626/tools/bin/../lib/gcc/arm-none-eabi/11.3.1/../../../../arm-none-eabi/bin/ld.exe: ./Src/main.o:C:/GitHub/ECEN 260 Microprocessor Based-Sys Design/lab-05/Debug/../Src/main.c:23: multiple definition of `AHB2ENR'; ./Src/Lab5_scaffolding_turn_on_LED_with_Button.o:C:/GitHub/ECEN 260 Microprocessor Based-Sys Design/lab-05/Debug/../Src/Lab5_scaffolding_turn_on_LED_with_Button.c:17: first defined here
C:/ST/STM32CubeIDE_1.13.2/STM32CubeIDE/plugins/com.st.stm32cube.ide.mcu.externaltools.gnu-tools-for-stm32.11.3.rel1.win32_1.1.1.202309131626/tools/bin/../lib/gcc/arm-none-eabi/11.3.1/../../../../arm-none-eabi/bin/ld.exe: ./Src/main.o:C:/GitHub/ECEN 260 Microprocessor Based-Sys Design/lab-05/Debug/../Src/main.c:25: multiple definition of `GPIOA'; ./Src/Lab5_scaffolding_turn_on_LED_with_Button.o:C:/GitHub/ECEN 260 Microprocessor Based-Sys Design/lab-05/Debug/../Src/Lab5_scaffolding_turn_on_LED_with_Button.c:20: first defined here
C:/ST/STM32CubeIDE_1.13.2/STM32CubeIDE/plugins/com.st.stm32cube.ide.mcu.externaltools.gnu-tools-for-stm32.11.3.rel1.win32_1.1.1.202309131626/tools/bin/../lib/gcc/arm-none-eabi/11.3.1/../../../../arm-none-eabi/bin/ld.exe: ./Src/main.o:C:/GitHub/ECEN 260 Microprocessor Based-Sys Design/lab-05/Debug/../Src/main.c:26: multiple definition of `GPIOB'; ./Src/Lab5_scaffolding_turn_on_LED_with_Button.o:C:/GitHub/ECEN 260 Microprocessor Based-Sys Design/lab-05/Debug/../Src/Lab5_scaffolding_turn_on_LED_with_Button.c:21: first defined here
C:/ST/STM32CubeIDE_1.13.2/STM32CubeIDE/plugins/com.st.stm32cube.ide.mcu.externaltools.gnu-tools-for-stm32.11.3.rel1.win32_1.1.1.202309131626/tools/bin/../lib/gcc/arm-none-eabi/11.3.1/../../../../arm-none-eabi/bin/ld.exe: ./Src/main.o:C:/GitHub/ECEN 260 Microprocessor Based-Sys Design/lab-05/Debug/../Src/main.c:27: multiple definition of `GPIOC'; ./Src/Lab5_scaffolding_turn_on_LED_with_Button.o:C:/GitHub/ECEN 260 Microprocessor Based-Sys Design/lab-05/Debug/../Src/Lab5_scaffolding_turn_on_LED_with_Button.c:22: first defined here
collect2.exe: error: ld returned 1 exit status
make: *** [makefile:63: lab-05.elf] Error 1
"make -j20 all" terminated with exit code 2. Build might be incomplete.
00:25:43 **** Incremental Build of configuration Debug for project lab-05 ****
make -j20 all 
arm-none-eabi-gcc "../Src/main.c" -mcpu=cortex-m4 -std=gnu11 -g3 -DDEBUG -DSTM32L4 -DSTM32 -DNUCLEO_L476RG -DSTM32L476RGTx -c -I../Inc -O0 -ffunction-sections -fdata-sections -Wall -fstack-usage -fcyclomatic-complexity -MMD -MP -MF"Src/main.d" -MT"Src/main.o" --specs=nano.specs -mfpu=fpv4-sp-d16 -mfloat-abi=hard -mthumb -o "Src/main.o"
arm-none-eabi-gcc "../Src/syscalls.c" -mcpu=cortex-m4 -std=gnu11 -g3 -DDEBUG -DSTM32L4 -DSTM32 -DNUCLEO_L476RG -DSTM32L476RGTx -c -I../Inc -O0 -ffunction-sections -fdata-sections -Wall -fstack-usage -fcyclomatic-complexity -MMD -MP -MF"Src/syscalls.d" -MT"Src/syscalls.o" --specs=nano.specs -mfpu=fpv4-sp-d16 -mfloat-abi=hard -mthumb -o "Src/syscalls.o"
arm-none-eabi-gcc "../Src/sysmem.c" -mcpu=cortex-m4 -std=gnu11 -g3 -DDEBUG -DSTM32L4 -DSTM32 -DNUCLEO_L476RG -DSTM32L476RGTx -c -I../Inc -O0 -ffunction-sections -fdata-sections -Wall -fstack-usage -fcyclomatic-complexity -MMD -MP -MF"Src/sysmem.d" -MT"Src/sysmem.o" --specs=nano.specs -mfpu=fpv4-sp-d16 -mfloat-abi=hard -mthumb -o "Src/sysmem.o"
arm-none-eabi-gcc -o "lab-05.elf" @"objects.list"   -mcpu=cortex-m4 -T"C:\GitHub\ECEN 260 Microprocessor Based-Sys Design\lab-05\STM32L476RGTX_FLASH.ld" --specs=nosys.specs -Wl,-Map="lab-05.map" -Wl,--gc-sections -static --specs=nano.specs -mfpu=fpv4-sp-d16 -mfloat-abi=hard -mthumb -Wl,--start-group -lc -lm -Wl,--end-group
Finished building target: lab-05.elf
 
arm-none-eabi-size   lab-05.elf 
arm-none-eabi-objdump -h -S  lab-05.elf  > "lab-05.list"
   text	   data	    bss	    dec	    hex	filename
   1172	     24	   1568	   2764	    acc	lab-05.elf
Finished building: default.size.stdout
 
Finished building: lab-05.list
 
00:25:48 **** Incremental Build of configuration Debug for project lab-05 ****
make -j20 all 
arm-none-eabi-size   lab-05.elf 
   text	   data	    bss	    dec	    hex	filename
   1172	     24	   1568	   2764	    acc	lab-05.elf
Finished building: default.size.stdout
 
00:30:59 **** Incremental Build of configuration Debug for project lab-05 ****
make -j20 all 
arm-none-eabi-gcc "../Src/main.c" -mcpu=cortex-m4 -std=gnu11 -g3 -DDEBUG -DSTM32L4 -DSTM32 -DNUCLEO_L476RG -DSTM32L476RGTx -c -I../Inc -O0 -ffunction-sections -fdata-sections -Wall -fstack-usage -fcyclomatic-complexity -MMD -MP -MF"Src/main.d" -MT"Src/main.o" --specs=nano.specs -mfpu=fpv4-sp-d16 -mfloat-abi=hard -mthumb -o "Src/main.o"
arm-none-eabi-gcc -o "lab-05.elf" @"objects.list"   -mcpu=cortex-m4 -T"C:\GitHub\ECEN 260 Microprocessor Based-Sys Design\lab-05\STM32L476RGTX_FLASH.ld" --specs=nosys.specs -Wl,-Map="lab-05.map" -Wl,--gc-sections -static --specs=nano.specs -mfpu=fpv4-sp-d16 -mfloat-abi=hard -mthumb -Wl,--start-group -lc -lm -Wl,--end-group
Finished building target: lab-05.elf
 
arm-none-eabi-size   lab-05.elf 
arm-none-eabi-objdump -h -S  lab-05.elf  > "lab-05.list"
   text	   data	    bss	    dec	    hex	filename
   1192	     24	   1568	   2784	    ae0	lab-05.elf
Finished building: default.size.stdout
 
Finished building: lab-05.list
 
00:33:21 **** Incremental Build of configuration Debug for project lab-05 ****
make -j20 all 
arm-none-eabi-gcc "../Src/main.c" -mcpu=cortex-m4 -std=gnu11 -g3 -DDEBUG -DSTM32L4 -DSTM32 -DNUCLEO_L476RG -DSTM32L476RGTx -c -I../Inc -O0 -ffunction-sections -fdata-sections -Wall -fstack-usage -fcyclomatic-complexity -MMD -MP -MF"Src/main.d" -MT"Src/main.o" --specs=nano.specs -mfpu=fpv4-sp-d16 -mfloat-abi=hard -mthumb -o "Src/main.o"
arm-none-eabi-gcc -o "lab-05.elf" @"objects.list"   -mcpu=cortex-m4 -T"C:\GitHub\ECEN 260 Microprocessor Based-Sys Design\lab-05\STM32L476RGTX_FLASH.ld" --specs=nosys.specs -Wl,-Map="lab-05.map" -Wl,--gc-sections -static --specs=nano.specs -mfpu=fpv4-sp-d16 -mfloat-abi=hard -mthumb -Wl,--start-group -lc -lm -Wl,--end-group
Finished building target: lab-05.elf
 
arm-none-eabi-size   lab-05.elf 
arm-none-eabi-objdump -h -S  lab-05.elf  > "lab-05.list"
   text	   data	    bss	    dec	    hex	filename
   1192	     24	   1568	   2784	    ae0	lab-05.elf
Finished building: default.size.stdout
 
Finished building: lab-05.list
 
00:34:43 **** Incremental Build of configuration Debug for project lab-05 ****
make -j20 all 
arm-none-eabi-gcc "../Src/main.c" -mcpu=cortex-m4 -std=gnu11 -g3 -DDEBUG -DSTM32L4 -DSTM32 -DNUCLEO_L476RG -DSTM32L476RGTx -c -I../Inc -O0 -ffunction-sections -fdata-sections -Wall -fstack-usage -fcyclomatic-complexity -MMD -MP -MF"Src/main.d" -MT"Src/main.o" --specs=nano.specs -mfpu=fpv4-sp-d16 -mfloat-abi=hard -mthumb -o "Src/main.o"
arm-none-eabi-gcc -o "lab-05.elf" @"objects.list"   -mcpu=cortex-m4 -T"C:\GitHub\ECEN 260 Microprocessor Based-Sys Design\lab-05\STM32L476RGTX_FLASH.ld" --specs=nosys.specs -Wl,-Map="lab-05.map" -Wl,--gc-sections -static --specs=nano.specs -mfpu=fpv4-sp-d16 -mfloat-abi=hard -mthumb -Wl,--start-group -lc -lm -Wl,--end-group
Finished building target: lab-05.elf
 
arm-none-eabi-size   lab-05.elf 
arm-none-eabi-objdump -h -S  lab-05.elf  > "lab-05.list"
   text	   data	    bss	    dec	    hex	filename
   1192	     24	   1568	   2784	    ae0	lab-05.elf
Finished building: default.size.stdout
 
Finished building: lab-05.list
 
00:44:20 **** Incremental Build of configuration Debug for project lab-05 ****
make -j20 all 
arm-none-eabi-gcc "../Src/main.c" -mcpu=cortex-m4 -std=gnu11 -g3 -DDEBUG -DSTM32L4 -DSTM32 -DNUCLEO_L476RG -DSTM32L476RGTx -c -I../Inc -O0 -ffunction-sections -fdata-sections -Wall -fstack-usage -fcyclomatic-complexity -MMD -MP -MF"Src/main.d" -MT"Src/main.o" --specs=nano.specs -mfpu=fpv4-sp-d16 -mfloat-abi=hard -mthumb -o "Src/main.o"
arm-none-eabi-gcc -o "lab-05.elf" @"objects.list"   -mcpu=cortex-m4 -T"C:\GitHub\ECEN 260 Microprocessor Based-Sys Design\lab-05\STM32L476RGTX_FLASH.ld" --specs=nosys.specs -Wl,-Map="lab-05.map" -Wl,--gc-sections -static --specs=nano.specs -mfpu=fpv4-sp-d16 -mfloat-abi=hard -mthumb -Wl,--start-group -lc -lm -Wl,--end-group
Finished building target: lab-05.elf
 
arm-none-eabi-size   lab-05.elf 
arm-none-eabi-objdump -h -S  lab-05.elf  > "lab-05.list"
   text	   data	    bss	    dec	    hex	filename
   1192	     24	   1568	   2784	    ae0	lab-05.elf
Finished building: default.size.stdout
 
Finished building: lab-05.list
 
00:47:31 **** Incremental Build of configuration Debug for project lab-05 ****
make -j20 all 
arm-none-eabi-gcc "../Src/main.c" -mcpu=cortex-m4 -std=gnu11 -g3 -DDEBUG -DSTM32L4 -DSTM32 -DNUCLEO_L476RG -DSTM32L476RGTx -c -I../Inc -O0 -ffunction-sections -fdata-sections -Wall -fstack-usage -fcyclomatic-complexity -MMD -MP -MF"Src/main.d" -MT"Src/main.o" --specs=nano.specs -mfpu=fpv4-sp-d16 -mfloat-abi=hard -mthumb -o "Src/main.o"
arm-none-eabi-gcc -o "lab-05.elf" @"objects.list"   -mcpu=cortex-m4 -T"C:\GitHub\ECEN 260 Microprocessor Based-Sys Design\lab-05\STM32L476RGTX_FLASH.ld" --specs=nosys.specs -Wl,-Map="lab-05.map" -Wl,--gc-sections -static --specs=nano.specs -mfpu=fpv4-sp-d16 -mfloat-abi=hard -mthumb -Wl,--start-group -lc -lm -Wl,--end-group
Finished building target: lab-05.elf
 
arm-none-eabi-size   lab-05.elf 
arm-none-eabi-objdump -h -S  lab-05.elf  > "lab-05.list"
   text	   data	    bss	    dec	    hex	filename
   1192	     24	   1568	   2784	    ae0	lab-05.elf
Finished building: default.size.stdout
 
Finished building: lab-05.list
 
11:56:30 **** Incremental Build of configuration Debug for project lab-05 ****
make -j20 all 
arm-none-eabi-gcc "../Src/main.c" -mcpu=cortex-m4 -std=gnu11 -g3 -DDEBUG -DSTM32L4 -DSTM32 -DNUCLEO_L476RG -DSTM32L476RGTx -c -I../Inc -O0 -ffunction-sections -fdata-sections -Wall -fstack-usage -fcyclomatic-complexity -MMD -MP -MF"Src/main.d" -MT"Src/main.o" --specs=nano.specs -mfpu=fpv4-sp-d16 -mfloat-abi=hard -mthumb -o "Src/main.o"
arm-none-eabi-gcc -o "lab-05.elf" @"objects.list"   -mcpu=cortex-m4 -T"C:\GitHub\ECEN 260 Microprocessor Based-Sys Design\lab-05\STM32L476RGTX_FLASH.ld" --specs=nosys.specs -Wl,-Map="lab-05.map" -Wl,--gc-sections -static --specs=nano.specs -mfpu=fpv4-sp-d16 -mfloat-abi=hard -mthumb -Wl,--start-group -lc -lm -Wl,--end-group
Finished building target: lab-05.elf
 
arm-none-eabi-size   lab-05.elf 
arm-none-eabi-objdump -h -S  lab-05.elf  > "lab-05.list"
   text	   data	    bss	    dec	    hex	filename
   1192	     24	   1568	   2784	    ae0	lab-05.elf
Finished building: default.size.stdout
 
Finished building: lab-05.list
 
12:01:51 **** Incremental Build of configuration Debug for project lab-05 ****
make -j20 all 
arm-none-eabi-gcc "../Src/main.c" -mcpu=cortex-m4 -std=gnu11 -g3 -DDEBUG -DSTM32L4 -DSTM32 -DNUCLEO_L476RG -DSTM32L476RGTx -c -I../Inc -O0 -ffunction-sections -fdata-sections -Wall -fstack-usage -fcyclomatic-complexity -MMD -MP -MF"Src/main.d" -MT"Src/main.o" --specs=nano.specs -mfpu=fpv4-sp-d16 -mfloat-abi=hard -mthumb -o "Src/main.o"
arm-none-eabi-gcc -o "lab-05.elf" @"objects.list"   -mcpu=cortex-m4 -T"C:\GitHub\ECEN 260 Microprocessor Based-Sys Design\lab-05\STM32L476RGTX_FLASH.ld" --specs=nosys.specs -Wl,-Map="lab-05.map" -Wl,--gc-sections -static --specs=nano.specs -mfpu=fpv4-sp-d16 -mfloat-abi=hard -mthumb -Wl,--start-group -lc -lm -Wl,--end-group
Finished building target: lab-05.elf
 
arm-none-eabi-size   lab-05.elf 
arm-none-eabi-objdump -h -S  lab-05.elf  > "lab-05.list"
   text	   data	    bss	    dec	    hex	filename
   1208	     24	   1568	   2800	    af0	lab-05.elf
Finished building: default.size.stdout
 
Finished building: lab-05.list
 
12:03:37 **** Incremental Build of configuration Debug for project lab-05 ****
make -j20 all 
arm-none-eabi-gcc "../Src/main.c" -mcpu=cortex-m4 -std=gnu11 -g3 -DDEBUG -DSTM32L4 -DSTM32 -DNUCLEO_L476RG -DSTM32L476RGTx -c -I../Inc -O0 -ffunction-sections -fdata-sections -Wall -fstack-usage -fcyclomatic-complexity -MMD -MP -MF"Src/main.d" -MT"Src/main.o" --specs=nano.specs -mfpu=fpv4-sp-d16 -mfloat-abi=hard -mthumb -o "Src/main.o"
arm-none-eabi-gcc -o "lab-05.elf" @"objects.list"   -mcpu=cortex-m4 -T"C:\GitHub\ECEN 260 Microprocessor Based-Sys Design\lab-05\STM32L476RGTX_FLASH.ld" --specs=nosys.specs -Wl,-Map="lab-05.map" -Wl,--gc-sections -static --specs=nano.specs -mfpu=fpv4-sp-d16 -mfloat-abi=hard -mthumb -Wl,--start-group -lc -lm -Wl,--end-group
Finished building target: lab-05.elf
 
arm-none-eabi-size   lab-05.elf 
arm-none-eabi-objdump -h -S  lab-05.elf  > "lab-05.list"
   text	   data	    bss	    dec	    hex	filename
   1244	     24	   1568	   2836	    b14	lab-05.elf
Finished building: default.size.stdout
 
Finished building: lab-05.list
 
12:04:26 **** Incremental Build of configuration Debug for project lab-05 ****
make -j20 all 
arm-none-eabi-gcc "../Src/main.c" -mcpu=cortex-m4 -std=gnu11 -g3 -DDEBUG -DSTM32L4 -DSTM32 -DNUCLEO_L476RG -DSTM32L476RGTx -c -I../Inc -O0 -ffunction-sections -fdata-sections -Wall -fstack-usage -fcyclomatic-complexity -MMD -MP -MF"Src/main.d" -MT"Src/main.o" --specs=nano.specs -mfpu=fpv4-sp-d16 -mfloat-abi=hard -mthumb -o "Src/main.o"
arm-none-eabi-gcc -o "lab-05.elf" @"objects.list"   -mcpu=cortex-m4 -T"C:\GitHub\ECEN 260 Microprocessor Based-Sys Design\lab-05\STM32L476RGTX_FLASH.ld" --specs=nosys.specs -Wl,-Map="lab-05.map" -Wl,--gc-sections -static --specs=nano.specs -mfpu=fpv4-sp-d16 -mfloat-abi=hard -mthumb -Wl,--start-group -lc -lm -Wl,--end-group
Finished building target: lab-05.elf
 
arm-none-eabi-size   lab-05.elf 
arm-none-eabi-objdump -h -S  lab-05.elf  > "lab-05.list"
   text	   data	    bss	    dec	    hex	filename
   1244	     24	   1568	   2836	    b14	lab-05.elf
Finished building: default.size.stdout
 
Finished building: lab-05.list
 
12:09:29 **** Incremental Build of configuration Debug for project lab-05 ****
make -j20 all 
arm-none-eabi-gcc "../Src/main.c" -mcpu=cortex-m4 -std=gnu11 -g3 -DDEBUG -DSTM32L4 -DSTM32 -DNUCLEO_L476RG -DSTM32L476RGTx -c -I../Inc -O0 -ffunction-sections -fdata-sections -Wall -fstack-usage -fcyclomatic-complexity -MMD -MP -MF"Src/main.d" -MT"Src/main.o" --specs=nano.specs -mfpu=fpv4-sp-d16 -mfloat-abi=hard -mthumb -o "Src/main.o"
arm-none-eabi-gcc -o "lab-05.elf" @"objects.list"   -mcpu=cortex-m4 -T"C:\GitHub\ECEN 260 Microprocessor Based-Sys Design\lab-05\STM32L476RGTX_FLASH.ld" --specs=nosys.specs -Wl,-Map="lab-05.map" -Wl,--gc-sections -static --specs=nano.specs -mfpu=fpv4-sp-d16 -mfloat-abi=hard -mthumb -Wl,--start-group -lc -lm -Wl,--end-group
Finished building target: lab-05.elf
 
arm-none-eabi-size   lab-05.elf 
arm-none-eabi-objdump -h -S  lab-05.elf  > "lab-05.list"
   text	   data	    bss	    dec	    hex	filename
   1272	     24	   1568	   2864	    b30	lab-05.elf
Finished building: default.size.stdout
 
Finished building: lab-05.list
 
12:10:22 **** Incremental Build of configuration Debug for project lab-05 ****
make -j20 all 
arm-none-eabi-gcc "../Src/main.c" -mcpu=cortex-m4 -std=gnu11 -g3 -DDEBUG -DSTM32L4 -DSTM32 -DNUCLEO_L476RG -DSTM32L476RGTx -c -I../Inc -O0 -ffunction-sections -fdata-sections -Wall -fstack-usage -fcyclomatic-complexity -MMD -MP -MF"Src/main.d" -MT"Src/main.o" --specs=nano.specs -mfpu=fpv4-sp-d16 -mfloat-abi=hard -mthumb -o "Src/main.o"
arm-none-eabi-gcc -o "lab-05.elf" @"objects.list"   -mcpu=cortex-m4 -T"C:\GitHub\ECEN 260 Microprocessor Based-Sys Design\lab-05\STM32L476RGTX_FLASH.ld" --specs=nosys.specs -Wl,-Map="lab-05.map" -Wl,--gc-sections -static --specs=nano.specs -mfpu=fpv4-sp-d16 -mfloat-abi=hard -mthumb -Wl,--start-group -lc -lm -Wl,--end-group
Finished building target: lab-05.elf
 
arm-none-eabi-size   lab-05.elf 
arm-none-eabi-objdump -h -S  lab-05.elf  > "lab-05.list"
   text	   data	    bss	    dec	    hex	filename
   1260	     24	   1568	   2852	    b24	lab-05.elf
Finished building: default.size.stdout
 
Finished building: lab-05.list
 
12:15:53 **** Incremental Build of configuration Debug for project lab-05 ****
make -j20 all 
arm-none-eabi-gcc "../Src/main.c" -mcpu=cortex-m4 -std=gnu11 -g3 -DDEBUG -DSTM32L4 -DSTM32 -DNUCLEO_L476RG -DSTM32L476RGTx -c -I../Inc -O0 -ffunction-sections -fdata-sections -Wall -fstack-usage -fcyclomatic-complexity -MMD -MP -MF"Src/main.d" -MT"Src/main.o" --specs=nano.specs -mfpu=fpv4-sp-d16 -mfloat-abi=hard -mthumb -o "Src/main.o"
../Src/main.c: In function 'main':
../Src/main.c:75:13: warning: unused variable 'armed' [-Wunused-variable]
   75 |         int armed = 0;
      |             ^~~~~
arm-none-eabi-gcc -o "lab-05.elf" @"objects.list"   -mcpu=cortex-m4 -T"C:\GitHub\ECEN 260 Microprocessor Based-Sys Design\lab-05\STM32L476RGTX_FLASH.ld" --specs=nosys.specs -Wl,-Map="lab-05.map" -Wl,--gc-sections -static --specs=nano.specs -mfpu=fpv4-sp-d16 -mfloat-abi=hard -mthumb -Wl,--start-group -lc -lm -Wl,--end-group
Finished building target: lab-05.elf
 
arm-none-eabi-size   lab-05.elf 
arm-none-eabi-objdump -h -S  lab-05.elf  > "lab-05.list"
   text	   data	    bss	    dec	    hex	filename
   1076	     24	   1568	   2668	    a6c	lab-05.elf
Finished building: default.size.stdout
 
Finished building: lab-05.list
 
12:17:14 **** Incremental Build of configuration Debug for project lab-05 ****
make -j20 all 
arm-none-eabi-gcc "../Src/main.c" -mcpu=cortex-m4 -std=gnu11 -g3 -DDEBUG -DSTM32L4 -DSTM32 -DNUCLEO_L476RG -DSTM32L476RGTx -c -I../Inc -O0 -ffunction-sections -fdata-sections -Wall -fstack-usage -fcyclomatic-complexity -MMD -MP -MF"Src/main.d" -MT"Src/main.o" --specs=nano.specs -mfpu=fpv4-sp-d16 -mfloat-abi=hard -mthumb -o "Src/main.o"
../Src/main.c: In function 'main':
../Src/main.c:75:13: warning: unused variable 'armed' [-Wunused-variable]
   75 |         int armed = 0;
      |             ^~~~~
arm-none-eabi-gcc -o "lab-05.elf" @"objects.list"   -mcpu=cortex-m4 -T"C:\GitHub\ECEN 260 Microprocessor Based-Sys Design\lab-05\STM32L476RGTX_FLASH.ld" --specs=nosys.specs -Wl,-Map="lab-05.map" -Wl,--gc-sections -static --specs=nano.specs -mfpu=fpv4-sp-d16 -mfloat-abi=hard -mthumb -Wl,--start-group -lc -lm -Wl,--end-group
Finished building target: lab-05.elf
 
arm-none-eabi-size   lab-05.elf 
arm-none-eabi-objdump -h -S  lab-05.elf  > "lab-05.list"
   text	   data	    bss	    dec	    hex	filename
   1136	     24	   1568	   2728	    aa8	lab-05.elf
Finished building: default.size.stdout
 
Finished building: lab-05.list
 
12:42:27 **** Incremental Build of configuration Debug for project lab-05 ****
make -j20 all 
arm-none-eabi-gcc "../Src/main.c" -mcpu=cortex-m4 -std=gnu11 -g3 -DDEBUG -DSTM32L4 -DSTM32 -DNUCLEO_L476RG -DSTM32L476RGTx -c -I../Inc -O0 -ffunction-sections -fdata-sections -Wall -fstack-usage -fcyclomatic-complexity -MMD -MP -MF"Src/main.d" -MT"Src/main.o" --specs=nano.specs -mfpu=fpv4-sp-d16 -mfloat-abi=hard -mthumb -o "Src/main.o"
arm-none-eabi-gcc -o "lab-05.elf" @"objects.list"   -mcpu=cortex-m4 -T"C:\GitHub\ECEN 260 Microprocessor Based-Sys Design\lab-05\STM32L476RGTX_FLASH.ld" --specs=nosys.specs -Wl,-Map="lab-05.map" -Wl,--gc-sections -static --specs=nano.specs -mfpu=fpv4-sp-d16 -mfloat-abi=hard -mthumb -Wl,--start-group -lc -lm -Wl,--end-group
Finished building target: lab-05.elf
 
arm-none-eabi-size   lab-05.elf 
arm-none-eabi-objdump -h -S  lab-05.elf  > "lab-05.list"
   text	   data	    bss	    dec	    hex	filename
   1224	     24	   1568	   2816	    b00	lab-05.elf
Finished building: default.size.stdout
 
Finished building: lab-05.list
 
12:45:53 **** Incremental Build of configuration Debug for project lab-05 ****
make -j20 all 
arm-none-eabi-gcc "../Src/main.c" -mcpu=cortex-m4 -std=gnu11 -g3 -DDEBUG -DSTM32L4 -DSTM32 -DNUCLEO_L476RG -DSTM32L476RGTx -c -I../Inc -O0 -ffunction-sections -fdata-sections -Wall -fstack-usage -fcyclomatic-complexity -MMD -MP -MF"Src/main.d" -MT"Src/main.o" --specs=nano.specs -mfpu=fpv4-sp-d16 -mfloat-abi=hard -mthumb -o "Src/main.o"
arm-none-eabi-gcc -o "lab-05.elf" @"objects.list"   -mcpu=cortex-m4 -T"C:\GitHub\ECEN 260 Microprocessor Based-Sys Design\lab-05\STM32L476RGTX_FLASH.ld" --specs=nosys.specs -Wl,-Map="lab-05.map" -Wl,--gc-sections -static --specs=nano.specs -mfpu=fpv4-sp-d16 -mfloat-abi=hard -mthumb -Wl,--start-group -lc -lm -Wl,--end-group
Finished building target: lab-05.elf
 
arm-none-eabi-size   lab-05.elf 
arm-none-eabi-objdump -h -S  lab-05.elf  > "lab-05.list"
   text	   data	    bss	    dec	    hex	filename
   1224	     24	   1568	   2816	    b00	lab-05.elf
Finished building: default.size.stdout
 
Finished building: lab-05.list
 
12:47:30 **** Incremental Build of configuration Debug for project lab-05 ****
make -j20 all 
arm-none-eabi-gcc "../Src/main.c" -mcpu=cortex-m4 -std=gnu11 -g3 -DDEBUG -DSTM32L4 -DSTM32 -DNUCLEO_L476RG -DSTM32L476RGTx -c -I../Inc -O0 -ffunction-sections -fdata-sections -Wall -fstack-usage -fcyclomatic-complexity -MMD -MP -MF"Src/main.d" -MT"Src/main.o" --specs=nano.specs -mfpu=fpv4-sp-d16 -mfloat-abi=hard -mthumb -o "Src/main.o"
arm-none-eabi-gcc -o "lab-05.elf" @"objects.list"   -mcpu=cortex-m4 -T"C:\GitHub\ECEN 260 Microprocessor Based-Sys Design\lab-05\STM32L476RGTX_FLASH.ld" --specs=nosys.specs -Wl,-Map="lab-05.map" -Wl,--gc-sections -static --specs=nano.specs -mfpu=fpv4-sp-d16 -mfloat-abi=hard -mthumb -Wl,--start-group -lc -lm -Wl,--end-group
Finished building target: lab-05.elf
 
arm-none-eabi-size   lab-05.elf 
arm-none-eabi-objdump -h -S  lab-05.elf  > "lab-05.list"
   text	   data	    bss	    dec	    hex	filename
   1224	     24	   1568	   2816	    b00	lab-05.elf
Finished building: default.size.stdout
 
Finished building: lab-05.list
 
12:51:03 **** Incremental Build of configuration Debug for project lab-05 ****
make -j20 all 
arm-none-eabi-gcc "../Src/main.c" -mcpu=cortex-m4 -std=gnu11 -g3 -DDEBUG -DSTM32L4 -DSTM32 -DNUCLEO_L476RG -DSTM32L476RGTx -c -I../Inc -O0 -ffunction-sections -fdata-sections -Wall -fstack-usage -fcyclomatic-complexity -MMD -MP -MF"Src/main.d" -MT"Src/main.o" --specs=nano.specs -mfpu=fpv4-sp-d16 -mfloat-abi=hard -mthumb -o "Src/main.o"
arm-none-eabi-gcc -o "lab-05.elf" @"objects.list"   -mcpu=cortex-m4 -T"C:\GitHub\ECEN 260 Microprocessor Based-Sys Design\lab-05\STM32L476RGTX_FLASH.ld" --specs=nosys.specs -Wl,-Map="lab-05.map" -Wl,--gc-sections -static --specs=nano.specs -mfpu=fpv4-sp-d16 -mfloat-abi=hard -mthumb -Wl,--start-group -lc -lm -Wl,--end-group
Finished building target: lab-05.elf
 
arm-none-eabi-size   lab-05.elf 
arm-none-eabi-objdump -h -S  lab-05.elf  > "lab-05.list"
   text	   data	    bss	    dec	    hex	filename
   1208	     24	   1568	   2800	    af0	lab-05.elf
Finished building: default.size.stdout
 
Finished building: lab-05.list
 
12:52:18 **** Incremental Build of configuration Debug for project lab-05 ****
make -j20 all 
arm-none-eabi-gcc "../Src/main.c" -mcpu=cortex-m4 -std=gnu11 -g3 -DDEBUG -DSTM32L4 -DSTM32 -DNUCLEO_L476RG -DSTM32L476RGTx -c -I../Inc -O0 -ffunction-sections -fdata-sections -Wall -fstack-usage -fcyclomatic-complexity -MMD -MP -MF"Src/main.d" -MT"Src/main.o" --specs=nano.specs -mfpu=fpv4-sp-d16 -mfloat-abi=hard -mthumb -o "Src/main.o"
arm-none-eabi-gcc -o "lab-05.elf" @"objects.list"   -mcpu=cortex-m4 -T"C:\GitHub\ECEN 260 Microprocessor Based-Sys Design\lab-05\STM32L476RGTX_FLASH.ld" --specs=nosys.specs -Wl,-Map="lab-05.map" -Wl,--gc-sections -static --specs=nano.specs -mfpu=fpv4-sp-d16 -mfloat-abi=hard -mthumb -Wl,--start-group -lc -lm -Wl,--end-group
Finished building target: lab-05.elf
 
arm-none-eabi-size   lab-05.elf 
arm-none-eabi-objdump -h -S  lab-05.elf  > "lab-05.list"
   text	   data	    bss	    dec	    hex	filename
   1244	     24	   1568	   2836	    b14	lab-05.elf
Finished building: default.size.stdout
 
Finished building: lab-05.list
 
12:56:19 **** Incremental Build of configuration Debug for project lab-05 ****
make -j20 all 
arm-none-eabi-gcc "../Src/main.c" -mcpu=cortex-m4 -std=gnu11 -g3 -DDEBUG -DSTM32L4 -DSTM32 -DNUCLEO_L476RG -DSTM32L476RGTx -c -I../Inc -O0 -ffunction-sections -fdata-sections -Wall -fstack-usage -fcyclomatic-complexity -MMD -MP -MF"Src/main.d" -MT"Src/main.o" --specs=nano.specs -mfpu=fpv4-sp-d16 -mfloat-abi=hard -mthumb -o "Src/main.o"
../Src/main.c: In function 'main':
../Src/main.c:76:13: warning: unused variable 'armed' [-Wunused-variable]
   76 |         int armed = 0;
      |             ^~~~~
arm-none-eabi-gcc -o "lab-05.elf" @"objects.list"   -mcpu=cortex-m4 -T"C:\GitHub\ECEN 260 Microprocessor Based-Sys Design\lab-05\STM32L476RGTX_FLASH.ld" --specs=nosys.specs -Wl,-Map="lab-05.map" -Wl,--gc-sections -static --specs=nano.specs -mfpu=fpv4-sp-d16 -mfloat-abi=hard -mthumb -Wl,--start-group -lc -lm -Wl,--end-group
Finished building target: lab-05.elf
 
arm-none-eabi-size   lab-05.elf 
arm-none-eabi-objdump -h -S  lab-05.elf  > "lab-05.list"
   text	   data	    bss	    dec	    hex	filename
   1152	     24	   1568	   2744	    ab8	lab-05.elf
Finished building: default.size.stdout
 
Finished building: lab-05.list
 
12:57:38 **** Incremental Build of configuration Debug for project lab-05 ****
make -j20 all 
arm-none-eabi-gcc "../Src/main.c" -mcpu=cortex-m4 -std=gnu11 -g3 -DDEBUG -DSTM32L4 -DSTM32 -DNUCLEO_L476RG -DSTM32L476RGTx -c -I../Inc -O0 -ffunction-sections -fdata-sections -Wall -fstack-usage -fcyclomatic-complexity -MMD -MP -MF"Src/main.d" -MT"Src/main.o" --specs=nano.specs -mfpu=fpv4-sp-d16 -mfloat-abi=hard -mthumb -o "Src/main.o"
../Src/main.c: In function 'main':
../Src/main.c:76:13: warning: unused variable 'armed' [-Wunused-variable]
   76 |         int armed = 0;
      |             ^~~~~
arm-none-eabi-gcc -o "lab-05.elf" @"objects.list"   -mcpu=cortex-m4 -T"C:\GitHub\ECEN 260 Microprocessor Based-Sys Design\lab-05\STM32L476RGTX_FLASH.ld" --specs=nosys.specs -Wl,-Map="lab-05.map" -Wl,--gc-sections -static --specs=nano.specs -mfpu=fpv4-sp-d16 -mfloat-abi=hard -mthumb -Wl,--start-group -lc -lm -Wl,--end-group
Finished building target: lab-05.elf
 
arm-none-eabi-size   lab-05.elf 
arm-none-eabi-objdump -h -S  lab-05.elf  > "lab-05.list"
   text	   data	    bss	    dec	    hex	filename
   1152	     24	   1568	   2744	    ab8	lab-05.elf
Finished building: default.size.stdout
 
Finished building: lab-05.list
 
13:00:11 **** Incremental Build of configuration Debug for project lab-05 ****
make -j20 all 
arm-none-eabi-size   lab-05.elf 
   text	   data	    bss	    dec	    hex	filename
   1152	     24	   1568	   2744	    ab8	lab-05.elf
Finished building: default.size.stdout
 
19:35:00 **** Incremental Build of configuration Debug for project lab-05 ****
make -j20 all 
arm-none-eabi-gcc "../Src/main.c" -mcpu=cortex-m4 -std=gnu11 -g3 -DDEBUG -DSTM32L4 -DSTM32 -DNUCLEO_L476RG -DSTM32L476RGTx -c -I../Inc -O0 -ffunction-sections -fdata-sections -Wall -fstack-usage -fcyclomatic-complexity -MMD -MP -MF"Src/main.d" -MT"Src/main.o" --specs=nano.specs -mfpu=fpv4-sp-d16 -mfloat-abi=hard -mthumb -o "Src/main.o"
../Src/main.c: In function 'main':
../Src/main.c:76:13: warning: unused variable 'armed' [-Wunused-variable]
   76 |         int armed = 0;
      |             ^~~~~
arm-none-eabi-gcc -o "lab-05.elf" @"objects.list"   -mcpu=cortex-m4 -T"C:\GitHub\ECEN 260 Microprocessor Based-Sys Design\lab-05\STM32L476RGTX_FLASH.ld" --specs=nosys.specs -Wl,-Map="lab-05.map" -Wl,--gc-sections -static --specs=nano.specs -mfpu=fpv4-sp-d16 -mfloat-abi=hard -mthumb -Wl,--start-group -lc -lm -Wl,--end-group
Finished building target: lab-05.elf
 
arm-none-eabi-size   lab-05.elf 
arm-none-eabi-objdump -h -S  lab-05.elf  > "lab-05.list"
   text	   data	    bss	    dec	    hex	filename
   1152	     24	   1568	   2744	    ab8	lab-05.elf
Finished building: default.size.stdout
 
Finished building: lab-05.list
 
19:36:08 **** Incremental Build of configuration Debug for project lab-05 ****
make -j20 all 
arm-none-eabi-gcc "../Src/main.c" -mcpu=cortex-m4 -std=gnu11 -g3 -DDEBUG -DSTM32L4 -DSTM32 -DNUCLEO_L476RG -DSTM32L476RGTx -c -I../Inc -O0 -ffunction-sections -fdata-sections -Wall -fstack-usage -fcyclomatic-complexity -MMD -MP -MF"Src/main.d" -MT"Src/main.o" --specs=nano.specs -mfpu=fpv4-sp-d16 -mfloat-abi=hard -mthumb -o "Src/main.o"
../Src/main.c: In function 'main':
../Src/main.c:76:13: warning: unused variable 'armed' [-Wunused-variable]
   76 |         int armed = 0;
      |             ^~~~~
arm-none-eabi-gcc -o "lab-05.elf" @"objects.list"   -mcpu=cortex-m4 -T"C:\GitHub\ECEN 260 Microprocessor Based-Sys Design\lab-05\STM32L476RGTX_FLASH.ld" --specs=nosys.specs -Wl,-Map="lab-05.map" -Wl,--gc-sections -static --specs=nano.specs -mfpu=fpv4-sp-d16 -mfloat-abi=hard -mthumb -Wl,--start-group -lc -lm -Wl,--end-group
Finished building target: lab-05.elf
 
arm-none-eabi-size   lab-05.elf 
arm-none-eabi-objdump -h -S  lab-05.elf  > "lab-05.list"
   text	   data	    bss	    dec	    hex	filename
   1152	     24	   1568	   2744	    ab8	lab-05.elf
Finished building: default.size.stdout
 
Finished building: lab-05.list
 
19:58:08 **** Incremental Build of configuration Debug for project lab-05 ****
make -j20 all 
arm-none-eabi-gcc "../Src/main.c" -mcpu=cortex-m4 -std=gnu11 -g3 -DDEBUG -DSTM32L4 -DSTM32 -DNUCLEO_L476RG -DSTM32L476RGTx -c -I../Inc -O0 -ffunction-sections -fdata-sections -Wall -fstack-usage -fcyclomatic-complexity -MMD -MP -MF"Src/main.d" -MT"Src/main.o" --specs=nano.specs -mfpu=fpv4-sp-d16 -mfloat-abi=hard -mthumb -o "Src/main.o"
../Src/main.c: In function 'main':
../Src/main.c:78:13: warning: unused variable 'armed' [-Wunused-variable]
   78 |         int armed = 0;
      |             ^~~~~
arm-none-eabi-gcc -o "lab-05.elf" @"objects.list"   -mcpu=cortex-m4 -T"C:\GitHub\ECEN 260 Microprocessor Based-Sys Design\lab-05\STM32L476RGTX_FLASH.ld" --specs=nosys.specs -Wl,-Map="lab-05.map" -Wl,--gc-sections -static --specs=nano.specs -mfpu=fpv4-sp-d16 -mfloat-abi=hard -mthumb -Wl,--start-group -lc -lm -Wl,--end-group
Finished building target: lab-05.elf
 
arm-none-eabi-size   lab-05.elf 
arm-none-eabi-objdump -h -S  lab-05.elf  > "lab-05.list"
   text	   data	    bss	    dec	    hex	filename
   1184	     24	   1568	   2776	    ad8	lab-05.elf
Finished building: default.size.stdout
 
Finished building: lab-05.list
 
19:59:44 **** Incremental Build of configuration Debug for project lab-05 ****
make -j20 all 
arm-none-eabi-gcc "../Src/main.c" -mcpu=cortex-m4 -std=gnu11 -g3 -DDEBUG -DSTM32L4 -DSTM32 -DNUCLEO_L476RG -DSTM32L476RGTx -c -I../Inc -O0 -ffunction-sections -fdata-sections -Wall -fstack-usage -fcyclomatic-complexity -MMD -MP -MF"Src/main.d" -MT"Src/main.o" --specs=nano.specs -mfpu=fpv4-sp-d16 -mfloat-abi=hard -mthumb -o "Src/main.o"
../Src/main.c: In function 'main':
../Src/main.c:78:13: warning: unused variable 'armed' [-Wunused-variable]
   78 |         int armed = 0;
      |             ^~~~~
arm-none-eabi-gcc -o "lab-05.elf" @"objects.list"   -mcpu=cortex-m4 -T"C:\GitHub\ECEN 260 Microprocessor Based-Sys Design\lab-05\STM32L476RGTX_FLASH.ld" --specs=nosys.specs -Wl,-Map="lab-05.map" -Wl,--gc-sections -static --specs=nano.specs -mfpu=fpv4-sp-d16 -mfloat-abi=hard -mthumb -Wl,--start-group -lc -lm -Wl,--end-group
Finished building target: lab-05.elf
 
arm-none-eabi-size   lab-05.elf 
arm-none-eabi-objdump -h -S  lab-05.elf  > "lab-05.list"
   text	   data	    bss	    dec	    hex	filename
   1184	     24	   1568	   2776	    ad8	lab-05.elf
Finished building: default.size.stdout
 
Finished building: lab-05.list
 
20:01:04 **** Incremental Build of configuration Debug for project lab-05 ****
make -j20 all 
arm-none-eabi-gcc "../Src/main.c" -mcpu=cortex-m4 -std=gnu11 -g3 -DDEBUG -DSTM32L4 -DSTM32 -DNUCLEO_L476RG -DSTM32L476RGTx -c -I../Inc -O0 -ffunction-sections -fdata-sections -Wall -fstack-usage -fcyclomatic-complexity -MMD -MP -MF"Src/main.d" -MT"Src/main.o" --specs=nano.specs -mfpu=fpv4-sp-d16 -mfloat-abi=hard -mthumb -o "Src/main.o"
../Src/main.c: In function 'main':
../Src/main.c:78:13: warning: unused variable 'armed' [-Wunused-variable]
   78 |         int armed = 0;
      |             ^~~~~
arm-none-eabi-gcc -o "lab-05.elf" @"objects.list"   -mcpu=cortex-m4 -T"C:\GitHub\ECEN 260 Microprocessor Based-Sys Design\lab-05\STM32L476RGTX_FLASH.ld" --specs=nosys.specs -Wl,-Map="lab-05.map" -Wl,--gc-sections -static --specs=nano.specs -mfpu=fpv4-sp-d16 -mfloat-abi=hard -mthumb -Wl,--start-group -lc -lm -Wl,--end-group
Finished building target: lab-05.elf
 
arm-none-eabi-size   lab-05.elf 
arm-none-eabi-objdump -h -S  lab-05.elf  > "lab-05.list"
   text	   data	    bss	    dec	    hex	filename
   1184	     24	   1568	   2776	    ad8	lab-05.elf
Finished building: default.size.stdout
 
Finished building: lab-05.list
 
20:04:01 **** Incremental Build of configuration Debug for project lab-05 ****
make -j20 all 
arm-none-eabi-gcc "../Src/main.c" -mcpu=cortex-m4 -std=gnu11 -g3 -DDEBUG -DSTM32L4 -DSTM32 -DNUCLEO_L476RG -DSTM32L476RGTx -c -I../Inc -O0 -ffunction-sections -fdata-sections -Wall -fstack-usage -fcyclomatic-complexity -MMD -MP -MF"Src/main.d" -MT"Src/main.o" --specs=nano.specs -mfpu=fpv4-sp-d16 -mfloat-abi=hard -mthumb -o "Src/main.o"
../Src/main.c: In function 'main':
../Src/main.c:78:13: warning: unused variable 'armed' [-Wunused-variable]
   78 |         int armed = 0;
      |             ^~~~~
arm-none-eabi-gcc -o "lab-05.elf" @"objects.list"   -mcpu=cortex-m4 -T"C:\GitHub\ECEN 260 Microprocessor Based-Sys Design\lab-05\STM32L476RGTX_FLASH.ld" --specs=nosys.specs -Wl,-Map="lab-05.map" -Wl,--gc-sections -static --specs=nano.specs -mfpu=fpv4-sp-d16 -mfloat-abi=hard -mthumb -Wl,--start-group -lc -lm -Wl,--end-group
Finished building target: lab-05.elf
 
arm-none-eabi-size   lab-05.elf 
arm-none-eabi-objdump -h -S  lab-05.elf  > "lab-05.list"
   text	   data	    bss	    dec	    hex	filename
[...]
arm-none-eabi-gcc -o "Final_Project.elf" @"objects.list"   -mcpu=cortex-m4 -T"C:\GitHub\ECEN 260 Microprocessor Based-Sys Design\Final_Project\STM32L476RGTX_FLASH.ld" --specs=nosys.specs -Wl,-Map="Final_Project.map" -Wl,--gc-sections -static --specs=nano.specs -mfpu=fpv4-sp-d16 -mfloat-abi=hard -mthumb -Wl,--start-group -lc -lm -Wl,--end-group
C:/ST/STM32CubeIDE_1.13.2/STM32CubeIDE/plugins/com.st.stm32cube.ide.mcu.externaltools.gnu-tools-for-stm32.11.3.rel1.win32_1.1.100.202309141235/tools/bin/../lib/gcc/arm-none-eabi/11.3.1/../../../../arm-none-eabi/bin/ld.exe: C:/ST/STM32CubeIDE_1.13.2/STM32CubeIDE/plugins/com.st.stm32cube.ide.mcu.externaltools.gnu-tools-for-stm32.11.3.rel1.win32_1.1.100.202309141235/tools/bin/../lib/gcc/arm-none-eabi/11.3.1/../../../../arm-none-eabi/lib/thumb/v7e-m+fp/hard\libc_nano.a(libc_a-gettimeofdayr.o): in function `_gettimeofday_r':
(.text._gettimeofday_r+0xe): warning: _gettimeofday is not implemented and will always fail
Finished building target: Final_Project.elf
 
arm-none-eabi-size  Final_Project.elf 
arm-none-eabi-objdump -h -S Final_Project.elf  > "Final_Project.list"
   text	   data	    bss	    dec	    hex	filename
  16856	    216	   6544	  23616	   5c40	Final_Project.elf
Finished building: default.size.stdout
 
Finished building: Final_Project.list
 
17:25:51 **** Incremental Build of configuration Debug for project Final_Project ****
make -j20 all 
arm-none-eabi-gcc "../Core/Src/main.c" -mcpu=cortex-m4 -std=gnu11 -g3 -DDEBUG -DUSE_HAL_DRIVER -DSTM32L476xx -c -I../Core/Inc -I../Drivers/STM32L4xx_HAL_Driver/Inc -I../Drivers/STM32L4xx_HAL_Driver/Inc/Legacy -I../Drivers/CMSIS/Device/ST/STM32L4xx/Include -I../Drivers/CMSIS/Include -O0 -ffunction-sections -fdata-sections -Wall -fstack-usage -fcyclomatic-complexity -MMD -MP -MF"Core/Src/main.d" -MT"Core/Src/main.o" --specs=nano.specs -mfpu=fpv4-sp-d16 -mfloat-abi=hard -mthumb -o "Core/Src/main.o"
../Core/Src/main.c: In function 'main':
../Core/Src/main.c:434:29: error: incompatible types when assigning to type 'struct Actor *' from type 'struct Actor'
  434 |                 actors[i] = X;
      |                             ^
make: *** [Core/Src/subdir.mk:34: Core/Src/main.o] Error 1
"make -j20 all" terminated with exit code 2. Build might be incomplete.
17:26:20 **** Incremental Build of configuration Debug for project Final_Project ****
make -j20 all 
arm-none-eabi-gcc "../Core/Src/main.c" -mcpu=cortex-m4 -std=gnu11 -g3 -DDEBUG -DUSE_HAL_DRIVER -DSTM32L476xx -c -I../Core/Inc -I../Drivers/STM32L4xx_HAL_Driver/Inc -I../Drivers/STM32L4xx_HAL_Driver/Inc/Legacy -I../Drivers/CMSIS/Device/ST/STM32L4xx/Include -I../Drivers/CMSIS/Include -O0 -ffunction-sections -fdata-sections -Wall -fstack-usage -fcyclomatic-complexity -MMD -MP -MF"Core/Src/main.d" -MT"Core/Src/main.o" --specs=nano.specs -mfpu=fpv4-sp-d16 -mfloat-abi=hard -mthumb -o "Core/Src/main.o"
arm-none-eabi-gcc -o "Final_Project.elf" @"objects.list"   -mcpu=cortex-m4 -T"C:\GitHub\ECEN 260 Microprocessor Based-Sys Design\Final_Project\STM32L476RGTX_FLASH.ld" --specs=nosys.specs -Wl,-Map="Final_Project.map" -Wl,--gc-sections -static --specs=nano.specs -mfpu=fpv4-sp-d16 -mfloat-abi=hard -mthumb -Wl,--start-group -lc -lm -Wl,--end-group
C:/ST/STM32CubeIDE_1.13.2/STM32CubeIDE/plugins/com.st.stm32cube.ide.mcu.externaltools.gnu-tools-for-stm32.11.3.rel1.win32_1.1.100.202309141235/tools/bin/../lib/gcc/arm-none-eabi/11.3.1/../../../../arm-none-eabi/bin/ld.exe: C:/ST/STM32CubeIDE_1.13.2/STM32CubeIDE/plugins/com.st.stm32cube.ide.mcu.externaltools.gnu-tools-for-stm32.11.3.rel1.win32_1.1.100.202309141235/tools/bin/../lib/gcc/arm-none-eabi/11.3.1/../../../../arm-none-eabi/lib/thumb/v7e-m+fp/hard\libc_nano.a(libc_a-gettimeofdayr.o): in function `_gettimeofday_r':
(.text._gettimeofday_r+0xe): warning: _gettimeofday is not implemented and will always fail
Finished building target: Final_Project.elf
 
arm-none-eabi-size  Final_Project.elf 
arm-none-eabi-objdump -h -S Final_Project.elf  > "Final_Project.list"
   text	   data	    bss	    dec	    hex	filename
  16856	    216	   6544	  23616	   5c40	Final_Project.elf
Finished building: default.size.stdout
 
Finished building: Final_Project.list
 
17:27:59 **** Incremental Build of configuration Debug for project Final_Project ****
make -j20 all 
arm-none-eabi-size  Final_Project.elf 
   text	   data	    bss	    dec	    hex	filename
  16856	    216	   6544	  23616	   5c40	Final_Project.elf
Finished building: default.size.stdout
 
17:36:40 **** Incremental Build of configuration Debug for project Final_Project ****
make -j20 all 
arm-none-eabi-gcc "../Core/Src/main.c" -mcpu=cortex-m4 -std=gnu11 -g3 -DDEBUG -DUSE_HAL_DRIVER -DSTM32L476xx -c -I../Core/Inc -I../Drivers/STM32L4xx_HAL_Driver/Inc -I../Drivers/STM32L4xx_HAL_Driver/Inc/Legacy -I../Drivers/CMSIS/Device/ST/STM32L4xx/Include -I../Drivers/CMSIS/Include -O0 -ffunction-sections -fdata-sections -Wall -fstack-usage -fcyclomatic-complexity -MMD -MP -MF"Core/Src/main.d" -MT"Core/Src/main.o" --specs=nano.specs -mfpu=fpv4-sp-d16 -mfloat-abi=hard -mthumb -o "Core/Src/main.o"
../Core/Src/main.c: In function 'main':
../Core/Src/main.c:424:65: error: conversion to non-scalar type requested
  424 |                 actors[i] = &(struct Actor)malloc(sizeof(struct Actor));
      |                                                                 ^~~~~
make: *** [Core/Src/subdir.mk:34: Core/Src/main.o] Error 1
"make -j20 all" terminated with exit code 2. Build might be incomplete.
17:36:57 **** Incremental Build of configuration Debug for project Final_Project ****
make -j20 all 
arm-none-eabi-gcc "../Core/Src/main.c" -mcpu=cortex-m4 -std=gnu11 -g3 -DDEBUG -DUSE_HAL_DRIVER -DSTM32L476xx -c -I../Core/Inc -I../Drivers/STM32L4xx_HAL_Driver/Inc -I../Drivers/STM32L4xx_HAL_Driver/Inc/Legacy -I../Drivers/CMSIS/Device/ST/STM32L4xx/Include -I../Drivers/CMSIS/Include -O0 -ffunction-sections -fdata-sections -Wall -fstack-usage -fcyclomatic-complexity -MMD -MP -MF"Core/Src/main.d" -MT"Core/Src/main.o" --specs=nano.specs -mfpu=fpv4-sp-d16 -mfloat-abi=hard -mthumb -o "Core/Src/main.o"
../Core/Src/main.c: In function 'main':
../Core/Src/main.c:424:29: error: lvalue required as unary '&' operand
  424 |                 actors[i] = &(struct Actor*)malloc(sizeof(struct Actor));
      |                             ^
make: *** [Core/Src/subdir.mk:34: Core/Src/main.o] Error 1
"make -j20 all" terminated with exit code 2. Build might be incomplete.
17:37:11 **** Incremental Build of configuration Debug for project Final_Project ****
make -j20 all 
arm-none-eabi-gcc "../Core/Src/main.c" -mcpu=cortex-m4 -std=gnu11 -g3 -DDEBUG -DUSE_HAL_DRIVER -DSTM32L476xx -c -I../Core/Inc -I../Drivers/STM32L4xx_HAL_Driver/Inc -I../Drivers/STM32L4xx_HAL_Driver/Inc/Legacy -I../Drivers/CMSIS/Device/ST/STM32L4xx/Include -I../Drivers/CMSIS/Include -O0 -ffunction-sections -fdata-sections -Wall -fstack-usage -fcyclomatic-complexity -MMD -MP -MF"Core/Src/main.d" -MT"Core/Src/main.o" --specs=nano.specs -mfpu=fpv4-sp-d16 -mfloat-abi=hard -mthumb -o "Core/Src/main.o"
arm-none-eabi-gcc -o "Final_Project.elf" @"objects.list"   -mcpu=cortex-m4 -T"C:\GitHub\ECEN 260 Microprocessor Based-Sys Design\Final_Project\STM32L476RGTX_FLASH.ld" --specs=nosys.specs -Wl,-Map="Final_Project.map" -Wl,--gc-sections -static --specs=nano.specs -mfpu=fpv4-sp-d16 -mfloat-abi=hard -mthumb -Wl,--start-group -lc -lm -Wl,--end-group
C:/ST/STM32CubeIDE_1.13.2/STM32CubeIDE/plugins/com.st.stm32cube.ide.mcu.externaltools.gnu-tools-for-stm32.11.3.rel1.win32_1.1.100.202309141235/tools/bin/../lib/gcc/arm-none-eabi/11.3.1/../../../../arm-none-eabi/bin/ld.exe: C:/ST/STM32CubeIDE_1.13.2/STM32CubeIDE/plugins/com.st.stm32cube.ide.mcu.externaltools.gnu-tools-for-stm32.11.3.rel1.win32_1.1.100.202309141235/tools/bin/../lib/gcc/arm-none-eabi/11.3.1/../../../../arm-none-eabi/lib/thumb/v7e-m+fp/hard\libc_nano.a(libc_a-gettimeofdayr.o): in function `_gettimeofday_r':
(.text._gettimeofday_r+0xe): warning: _gettimeofday is not implemented and will always fail
Finished building target: Final_Project.elf
 
arm-none-eabi-size  Final_Project.elf 
arm-none-eabi-objdump -h -S Final_Project.elf  > "Final_Project.list"
   text	   data	    bss	    dec	    hex	filename
  16948	    216	   6544	  23708	   5c9c	Final_Project.elf
Finished building: default.size.stdout
 
Finished building: Final_Project.list
 
17:39:04 **** Incremental Build of configuration Debug for project Final_Project ****
make -j20 all 
arm-none-eabi-gcc "../Core/Src/main.c" -mcpu=cortex-m4 -std=gnu11 -g3 -DDEBUG -DUSE_HAL_DRIVER -DSTM32L476xx -c -I../Core/Inc -I../Drivers/STM32L4xx_HAL_Driver/Inc -I../Drivers/STM32L4xx_HAL_Driver/Inc/Legacy -I../Drivers/CMSIS/Device/ST/STM32L4xx/Include -I../Drivers/CMSIS/Include -O0 -ffunction-sections -fdata-sections -Wall -fstack-usage -fcyclomatic-complexity -MMD -MP -MF"Core/Src/main.d" -MT"Core/Src/main.o" --specs=nano.specs -mfpu=fpv4-sp-d16 -mfloat-abi=hard -mthumb -o "Core/Src/main.o"
arm-none-eabi-gcc -o "Final_Project.elf" @"objects.list"   -mcpu=cortex-m4 -T"C:\GitHub\ECEN 260 Microprocessor Based-Sys Design\Final_Project\STM32L476RGTX_FLASH.ld" --specs=nosys.specs -Wl,-Map="Final_Project.map" -Wl,--gc-sections -static --specs=nano.specs -mfpu=fpv4-sp-d16 -mfloat-abi=hard -mthumb -Wl,--start-group -lc -lm -Wl,--end-group
C:/ST/STM32CubeIDE_1.13.2/STM32CubeIDE/plugins/com.st.stm32cube.ide.mcu.externaltools.gnu-tools-for-stm32.11.3.rel1.win32_1.1.100.202309141235/tools/bin/../lib/gcc/arm-none-eabi/11.3.1/../../../../arm-none-eabi/bin/ld.exe: C:/ST/STM32CubeIDE_1.13.2/STM32CubeIDE/plugins/com.st.stm32cube.ide.mcu.externaltools.gnu-tools-for-stm32.11.3.rel1.win32_1.1.100.202309141235/tools/bin/../lib/gcc/arm-none-eabi/11.3.1/../../../../arm-none-eabi/lib/thumb/v7e-m+fp/hard\libc_nano.a(libc_a-gettimeofdayr.o): in function `_gettimeofday_r':
(.text._gettimeofday_r+0xe): warning: _gettimeofday is not implemented and will always fail
Finished building target: Final_Project.elf
 
arm-none-eabi-size  Final_Project.elf 
arm-none-eabi-objdump -h -S Final_Project.elf  > "Final_Project.list"
   text	   data	    bss	    dec	    hex	filename
  16948	    216	   6544	  23708	   5c9c	Final_Project.elf
Finished building: default.size.stdout
 
Finished building: Final_Project.list
 
18:26:42 **** Incremental Build of configuration Debug for project Final_Project ****
make -j20 all 
arm-none-eabi-gcc "../Core/Src/main.c" -mcpu=cortex-m4 -std=gnu11 -g3 -DDEBUG -DUSE_HAL_DRIVER -DSTM32L476xx -c -I../Core/Inc -I../Drivers/STM32L4xx_HAL_Driver/Inc -I../Drivers/STM32L4xx_HAL_Driver/Inc/Legacy -I../Drivers/CMSIS/Device/ST/STM32L4xx/Include -I../Drivers/CMSIS/Include -O0 -ffunction-sections -fdata-sections -Wall -fstack-usage -fcyclomatic-complexity -MMD -MP -MF"Core/Src/main.d" -MT"Core/Src/main.o" --specs=nano.specs -mfpu=fpv4-sp-d16 -mfloat-abi=hard -mthumb -o "Core/Src/main.o"
arm-none-eabi-gcc -o "Final_Project.elf" @"objects.list"   -mcpu=cortex-m4 -T"C:\GitHub\ECEN 260 Microprocessor Based-Sys Design\Final_Project\STM32L476RGTX_FLASH.ld" --specs=nosys.specs -Wl,-Map="Final_Project.map" -Wl,--gc-sections -static --specs=nano.specs -mfpu=fpv4-sp-d16 -mfloat-abi=hard -mthumb -Wl,--start-group -lc -lm -Wl,--end-group
C:/ST/STM32CubeIDE_1.13.2/STM32CubeIDE/plugins/com.st.stm32cube.ide.mcu.externaltools.gnu-tools-for-stm32.11.3.rel1.win32_1.1.100.202309141235/tools/bin/../lib/gcc/arm-none-eabi/11.3.1/../../../../arm-none-eabi/bin/ld.exe: C:/ST/STM32CubeIDE_1.13.2/STM32CubeIDE/plugins/com.st.stm32cube.ide.mcu.externaltools.gnu-tools-for-stm32.11.3.rel1.win32_1.1.100.202309141235/tools/bin/../lib/gcc/arm-none-eabi/11.3.1/../../../../arm-none-eabi/lib/thumb/v7e-m+fp/hard\libc_nano.a(libc_a-gettimeofdayr.o): in function `_gettimeofday_r':
(.text._gettimeofday_r+0xe): warning: _gettimeofday is not implemented and will always fail
Finished building target: Final_Project.elf
 
arm-none-eabi-size  Final_Project.elf 
arm-none-eabi-objdump -h -S Final_Project.elf  > "Final_Project.list"
   text	   data	    bss	    dec	    hex	filename
  16948	    216	   6544	  23708	   5c9c	Final_Project.elf
Finished building: default.size.stdout
 
Finished building: Final_Project.list
 
18:27:45 **** Incremental Build of configuration Debug for project Final_Project ****
make -j20 all 
arm-none-eabi-gcc "../Core/Src/main.c" -mcpu=cortex-m4 -std=gnu11 -g3 -DDEBUG -DUSE_HAL_DRIVER -DSTM32L476xx -c -I../Core/Inc -I../Drivers/STM32L4xx_HAL_Driver/Inc -I../Drivers/STM32L4xx_HAL_Driver/Inc/Legacy -I../Drivers/CMSIS/Device/ST/STM32L4xx/Include -I../Drivers/CMSIS/Include -O0 -ffunction-sections -fdata-sections -Wall -fstack-usage -fcyclomatic-complexity -MMD -MP -MF"Core/Src/main.d" -MT"Core/Src/main.o" --specs=nano.specs -mfpu=fpv4-sp-d16 -mfloat-abi=hard -mthumb -o "Core/Src/main.o"
arm-none-eabi-gcc -o "Final_Project.elf" @"objects.list"   -mcpu=cortex-m4 -T"C:\GitHub\ECEN 260 Microprocessor Based-Sys Design\Final_Project\STM32L476RGTX_FLASH.ld" --specs=nosys.specs -Wl,-Map="Final_Project.map" -Wl,--gc-sections -static --specs=nano.specs -mfpu=fpv4-sp-d16 -mfloat-abi=hard -mthumb -Wl,--start-group -lc -lm -Wl,--end-group
C:/ST/STM32CubeIDE_1.13.2/STM32CubeIDE/plugins/com.st.stm32cube.ide.mcu.externaltools.gnu-tools-for-stm32.11.3.rel1.win32_1.1.100.202309141235/tools/bin/../lib/gcc/arm-none-eabi/11.3.1/../../../../arm-none-eabi/bin/ld.exe: C:/ST/STM32CubeIDE_1.13.2/STM32CubeIDE/plugins/com.st.stm32cube.ide.mcu.externaltools.gnu-tools-for-stm32.11.3.rel1.win32_1.1.100.202309141235/tools/bin/../lib/gcc/arm-none-eabi/11.3.1/../../../../arm-none-eabi/lib/thumb/v7e-m+fp/hard\libc_nano.a(libc_a-gettimeofdayr.o): in function `_gettimeofday_r':
(.text._gettimeofday_r+0xe): warning: _gettimeofday is not implemented and will always fail
Finished building target: Final_Project.elf
 
arm-none-eabi-size  Final_Project.elf 
arm-none-eabi-objdump -h -S Final_Project.elf  > "Final_Project.list"
   text	   data	    bss	    dec	    hex	filename
  16948	    216	   6544	  23708	   5c9c	Final_Project.elf
Finished building: default.size.stdout
 
Finished building: Final_Project.list
 
18:28:10 **** Incremental Build of configuration Debug for project Final_Project ****
make -j20 all 
arm-none-eabi-gcc "../Core/Src/main.c" -mcpu=cortex-m4 -std=gnu11 -g3 -DDEBUG -DUSE_HAL_DRIVER -DSTM32L476xx -c -I../Core/Inc -I../Drivers/STM32L4xx_HAL_Driver/Inc -I../Drivers/STM32L4xx_HAL_Driver/Inc/Legacy -I../Drivers/CMSIS/Device/ST/STM32L4xx/Include -I../Drivers/CMSIS/Include -O0 -ffunction-sections -fdata-sections -Wall -fstack-usage -fcyclomatic-complexity -MMD -MP -MF"Core/Src/main.d" -MT"Core/Src/main.o" --specs=nano.specs -mfpu=fpv4-sp-d16 -mfloat-abi=hard -mthumb -o "Core/Src/main.o"
arm-none-eabi-gcc -o "Final_Project.elf" @"objects.list"   -mcpu=cortex-m4 -T"C:\GitHub\ECEN 260 Microprocessor Based-Sys Design\Final_Project\STM32L476RGTX_FLASH.ld" --specs=nosys.specs -Wl,-Map="Final_Project.map" -Wl,--gc-sections -static --specs=nano.specs -mfpu=fpv4-sp-d16 -mfloat-abi=hard -mthumb -Wl,--start-group -lc -lm -Wl,--end-group
C:/ST/STM32CubeIDE_1.13.2/STM32CubeIDE/plugins/com.st.stm32cube.ide.mcu.externaltools.gnu-tools-for-stm32.11.3.rel1.win32_1.1.100.202309141235/tools/bin/../lib/gcc/arm-none-eabi/11.3.1/../../../../arm-none-eabi/bin/ld.exe: C:/ST/STM32CubeIDE_1.13.2/STM32CubeIDE/plugins/com.st.stm32cube.ide.mcu.externaltools.gnu-tools-for-stm32.11.3.rel1.win32_1.1.100.202309141235/tools/bin/../lib/gcc/arm-none-eabi/11.3.1/../../../../arm-none-eabi/lib/thumb/v7e-m+fp/hard\libc_nano.a(libc_a-gettimeofdayr.o): in function `_gettimeofday_r':
(.text._gettimeofday_r+0xe): warning: _gettimeofday is not implemented and will always fail
Finished building target: Final_Project.elf
 
arm-none-eabi-size  Final_Project.elf 
arm-none-eabi-objdump -h -S Final_Project.elf  > "Final_Project.list"
   text	   data	    bss	    dec	    hex	filename
  16948	    216	   6544	  23708	   5c9c	Final_Project.elf
Finished building: default.size.stdout
 
Finished building: Final_Project.list
 
18:32:22 **** Incremental Build of configuration Debug for project Final_Project ****
make -j20 all 
arm-none-eabi-gcc "../Core/Src/main.c" -mcpu=cortex-m4 -std=gnu11 -g3 -DDEBUG -DUSE_HAL_DRIVER -DSTM32L476xx -c -I../Core/Inc -I../Drivers/STM32L4xx_HAL_Driver/Inc -I../Drivers/STM32L4xx_HAL_Driver/Inc/Legacy -I../Drivers/CMSIS/Device/ST/STM32L4xx/Include -I../Drivers/CMSIS/Include -O0 -ffunction-sections -fdata-sections -Wall -fstack-usage -fcyclomatic-complexity -MMD -MP -MF"Core/Src/main.d" -MT"Core/Src/main.o" --specs=nano.specs -mfpu=fpv4-sp-d16 -mfloat-abi=hard -mthumb -o "Core/Src/main.o"
arm-none-eabi-gcc -o "Final_Project.elf" @"objects.list"   -mcpu=cortex-m4 -T"C:\GitHub\ECEN 260 Microprocessor Based-Sys Design\Final_Project\STM32L476RGTX_FLASH.ld" --specs=nosys.specs -Wl,-Map="Final_Project.map" -Wl,--gc-sections -static --specs=nano.specs -mfpu=fpv4-sp-d16 -mfloat-abi=hard -mthumb -Wl,--start-group -lc -lm -Wl,--end-group
C:/ST/STM32CubeIDE_1.13.2/STM32CubeIDE/plugins/com.st.stm32cube.ide.mcu.externaltools.gnu-tools-for-stm32.11.3.rel1.win32_1.1.100.202309141235/tools/bin/../lib/gcc/arm-none-eabi/11.3.1/../../../../arm-none-eabi/bin/ld.exe: C:/ST/STM32CubeIDE_1.13.2/STM32CubeIDE/plugins/com.st.stm32cube.ide.mcu.externaltools.gnu-tools-for-stm32.11.3.rel1.win32_1.1.100.202309141235/tools/bin/../lib/gcc/arm-none-eabi/11.3.1/../../../../arm-none-eabi/lib/thumb/v7e-m+fp/hard\libc_nano.a(libc_a-gettimeofdayr.o): in function `_gettimeofday_r':
(.text._gettimeofday_r+0xe): warning: _gettimeofday is not implemented and will always fail
Finished building target: Final_Project.elf
 
arm-none-eabi-size  Final_Project.elf 
arm-none-eabi-objdump -h -S Final_Project.elf  > "Final_Project.list"
   text	   data	    bss	    dec	    hex	filename
  16948	    216	   6544	  23708	   5c9c	Final_Project.elf
Finished building: default.size.stdout
 
Finished building: Final_Project.list
 
18:34:17 **** Incremental Build of configuration Debug for project Final_Project ****
make -j20 all 
arm-none-eabi-gcc "../Core/Src/main.c" -mcpu=cortex-m4 -std=gnu11 -g3 -DDEBUG -DUSE_HAL_DRIVER -DSTM32L476xx -c -I../Core/Inc -I../Drivers/STM32L4xx_HAL_Driver/Inc -I../Drivers/STM32L4xx_HAL_Driver/Inc/Legacy -I../Drivers/CMSIS/Device/ST/STM32L4xx/Include -I../Drivers/CMSIS/Include -O0 -ffunction-sections -fdata-sections -Wall -fstack-usage -fcyclomatic-complexity -MMD -MP -MF"Core/Src/main.d" -MT"Core/Src/main.o" --specs=nano.specs -mfpu=fpv4-sp-d16 -mfloat-abi=hard -mthumb -o "Core/Src/main.o"
arm-none-eabi-gcc -o "Final_Project.elf" @"objects.list"   -mcpu=cortex-m4 -T"C:\GitHub\ECEN 260 Microprocessor Based-Sys Design\Final_Project\STM32L476RGTX_FLASH.ld" --specs=nosys.specs -Wl,-Map="Final_Project.map" -Wl,--gc-sections -static --specs=nano.specs -mfpu=fpv4-sp-d16 -mfloat-abi=hard -mthumb -Wl,--start-group -lc -lm -Wl,--end-group
C:/ST/STM32CubeIDE_1.13.2/STM32CubeIDE/plugins/com.st.stm32cube.ide.mcu.externaltools.gnu-tools-for-stm32.11.3.rel1.win32_1.1.100.202309141235/tools/bin/../lib/gcc/arm-none-eabi/11.3.1/../../../../arm-none-eabi/bin/ld.exe: C:/ST/STM32CubeIDE_1.13.2/STM32CubeIDE/plugins/com.st.stm32cube.ide.mcu.externaltools.gnu-tools-for-stm32.11.3.rel1.win32_1.1.100.202309141235/tools/bin/../lib/gcc/arm-none-eabi/11.3.1/../../../../arm-none-eabi/lib/thumb/v7e-m+fp/hard\libc_nano.a(libc_a-gettimeofdayr.o): in function `_gettimeofday_r':
(.text._gettimeofday_r+0xe): warning: _gettimeofday is not implemented and will always fail
Finished building target: Final_Project.elf
 
arm-none-eabi-size  Final_Project.elf 
arm-none-eabi-objdump -h -S Final_Project.elf  > "Final_Project.list"
   text	   data	    bss	    dec	    hex	filename
  16948	    216	   6544	  23708	   5c9c	Final_Project.elf
Finished building: default.size.stdout
 
Finished building: Final_Project.list
 
