19:46:50 **** Incremental Build of configuration Debug for project lab-06 ****
make -j20 all 
arm-none-eabi-gcc "../Src/main.c" -mcpu=cortex-m4 -std=gnu11 -g3 -DDEBUG -DSTM32L4 -DSTM32 -DNUCLEO_L476RG -DSTM32L476RGTx -c -I../Inc -O0 -ffunction-sections -fdata-sections -Wall -fstack-usage -fcyclomatic-complexity -MMD -MP -MF"Src/main.d" -MT"Src/main.o" --specs=nano.specs -mfpu=fpv4-sp-d16 -mfloat-abi=hard -mthumb -o "Src/main.o"
arm-none-eabi-gcc -o "lab-06.elf" @"objects.list"   -mcpu=cortex-m4 -T"C:\GitHub\ECEN 260 Microprocessor Based-Sys Design\lab-06\STM32L476RGTX_FLASH.ld" --specs=nosys.specs -Wl,-Map="lab-06.map" -Wl,--gc-sections -static --specs=nano.specs -mfpu=fpv4-sp-d16 -mfloat-abi=hard -mthumb -Wl,--start-group -lc -lm -Wl,--end-group
Finished building target: lab-06.elf
 
arm-none-eabi-size   lab-06.elf 
arm-none-eabi-objdump -h -S  lab-06.elf  > "lab-06.list"
   text	   data	    bss	    dec	    hex	filename
   1472	     24	   1568	   3064	    bf8	lab-06.elf
Finished building: default.size.stdout
 
Finished building: lab-06.list
 

19:46:50 Build Finished. 0 errors, 0 warnings. (took 398ms)

