21:56:15 **** Incremental Build of configuration Debug for project lab-05 ****
make -j20 all 
arm-none-eabi-gcc "../Src/main.c" -mcpu=cortex-m4 -std=gnu11 -g3 -DDEBUG -DSTM32L4 -DSTM32 -DNUCLEO_L476RG -DSTM32L476RGTx -c -I../Inc -O0 -ffunction-sections -fdata-sections -Wall -fstack-usage -fcyclomatic-complexity -MMD -MP -MF"Src/main.d" -MT"Src/main.o" --specs=nano.specs -mfpu=fpv4-sp-d16 -mfloat-abi=hard -mthumb -o "Src/main.o"
arm-none-eabi-gcc -o "lab-05.elf" @"objects.list"   -mcpu=cortex-m4 -T"C:\GitHub\ECEN 260 Microprocessor Based-Sys Design\lab-05\STM32L476RGTX_FLASH.ld" --specs=nosys.specs -Wl,-Map="lab-05.map" -Wl,--gc-sections -static --specs=nano.specs -mfpu=fpv4-sp-d16 -mfloat-abi=hard -mthumb -Wl,--start-group -lc -lm -Wl,--end-group
Finished building target: lab-05.elf
 
arm-none-eabi-size   lab-05.elf 
arm-none-eabi-objdump -h -S  lab-05.elf  > "lab-05.list"
   text	   data	    bss	    dec	    hex	filename
   1332	     24	   1568	   2924	    b6c	lab-05.elf
Finished building: default.size.stdout
 
Finished building: lab-05.list
 

21:56:15 Build Finished. 0 errors, 0 warnings. (took 346ms)

