13:55:35 **** Incremental Build of configuration Debug for project Lab8_PartB ****
make -j20 all 
arm-none-eabi-gcc "../Core/Src/main.c" -mcpu=cortex-m4 -std=gnu11 -g3 -DDEBUG -DUSE_HAL_DRIVER -DSTM32L476xx -c -I../Core/Inc -I../Drivers/STM32L4xx_HAL_Driver/Inc -I../Drivers/STM32L4xx_HAL_Driver/Inc/Legacy -I../Drivers/CMSIS/Device/ST/STM32L4xx/Include -I../Drivers/CMSIS/Include -O0 -ffunction-sections -fdata-sections -Wall -fstack-usage -fcyclomatic-complexity -MMD -MP -MF"Core/Src/main.d" -MT"Core/Src/main.o" --specs=nano.specs -mfpu=fpv4-sp-d16 -mfloat-abi=hard -mthumb -o "Core/Src/main.o"
arm-none-eabi-gcc -o "Lab8_PartB.elf" @"objects.list"   -mcpu=cortex-m4 -T"C:\GitHub\ECEN 260 Microprocessor Based-Sys Design\Lab8_PartB\STM32L476RGTX_FLASH.ld" --specs=nosys.specs -Wl,-Map="Lab8_PartB.map" -Wl,--gc-sections -static --specs=nano.specs -mfpu=fpv4-sp-d16 -mfloat-abi=hard -mthumb -Wl,--start-group -lc -lm -Wl,--end-group
Finished building target: Lab8_PartB.elf
 
arm-none-eabi-size   Lab8_PartB.elf 
arm-none-eabi-objdump -h -S  Lab8_PartB.elf  > "Lab8_PartB.list"
   text	   data	    bss	    dec	    hex	filename
  11952	     20	   1644	  13616	   3530	Lab8_PartB.elf
Finished building: default.size.stdout
 
Finished building: Lab8_PartB.list
 

13:55:36 Build Finished. 0 errors, 0 warnings. (took 547ms)

