14:00:00 **** Incremental Build of configuration Debug for project MyFirstC ****
make -j20 all 
arm-none-eabi-gcc "../Src/main.c" -mcpu=cortex-m4 -std=gnu11 -g3 -DDEBUG -DSTM32L4 -DSTM32 -DNUCLEO_L476RG -DSTM32L476RGTx -c -I../Inc -O0 -ffunction-sections -fdata-sections -Wall -fstack-usage -fcyclomatic-complexity -MMD -MP -MF"Src/main.d" -MT"Src/main.o" --specs=nano.specs -mfpu=fpv4-sp-d16 -mfloat-abi=hard -mthumb -o "Src/main.o"
../Src/main.c:7:6: warning: return type of 'main' is not 'int' [-Wmain]
    7 | void main(void)
      |      ^~~~
../Src/main.c: In function 'main':
../Src/main.c:10:20: warning: unused variable 'pxBroWatson' [-Wunused-variable]
   10 |         StudentID* pxBroWatson = &BroWatson;
      |                    ^~~~~~~~~~~
arm-none-eabi-gcc -o "MyFirstC.elf" @"objects.list"   -mcpu=cortex-m4 -T"C:\GitHub\ECEN 260 Microprocessor Based-Sys Design\MyFirstC\STM32L476RGTX_FLASH.ld" --specs=nosys.specs -Wl,-Map="MyFirstC.map" -Wl,--gc-sections -static --specs=nano.specs -mfpu=fpv4-sp-d16 -mfloat-abi=hard -mthumb -Wl,--start-group -lc -lm -Wl,--end-group
Finished building target: MyFirstC.elf
 
arm-none-eabi-size   MyFirstC.elf 
arm-none-eabi-objdump -h -S  MyFirstC.elf  > "MyFirstC.list"
   text	   data	    bss	    dec	    hex	filename
    704	      8	   1568	   2280	    8e8	MyFirstC.elf
Finished building: default.size.stdout
 
Finished building: MyFirstC.list
 

14:00:00 Build Finished. 0 errors, 2 warnings. (took 337ms)

